Archive member included to satisfy reference by file (symbol)

../../../../lib/ksdk_platform_lib/armgcc/KL03Z4/release/libksdk_platform.a(fsl_os_abstraction_bm.c.obj)
                              CMakeFiles/Warp.dir/students/ooo30/Warp-firmware/build/ksdk1.1/work/demos/Warp/src/warp-kl03-ksdk1.1-boot.c.obj (OSA_TimeDelay)
../../../../lib/ksdk_platform_lib/armgcc/KL03Z4/release/libksdk_platform.a(fsl_clock_manager.c.obj)
                              CMakeFiles/Warp.dir/students/ooo30/Warp-firmware/build/ksdk1.1/work/demos/Warp/src/warp-kl03-ksdk1.1-boot.c.obj (CLOCK_SYS_Init)
../../../../lib/ksdk_platform_lib/armgcc/KL03Z4/release/libksdk_platform.a(fsl_clock_MKL03Z4.c.obj)
                              ../../../../lib/ksdk_platform_lib/armgcc/KL03Z4/release/libksdk_platform.a(fsl_clock_manager.c.obj) (CLOCK_SYS_SetConfiguration)
../../../../lib/ksdk_platform_lib/armgcc/KL03Z4/release/libksdk_platform.a(fsl_interrupt_manager.c.obj)
                              ../../../../lib/ksdk_platform_lib/armgcc/KL03Z4/release/libksdk_platform.a(fsl_os_abstraction_bm.c.obj) (INT_SYS_InstallHandler)
../../../../lib/ksdk_platform_lib/armgcc/KL03Z4/release/libksdk_platform.a(fsl_power_manager.c.obj)
                              CMakeFiles/Warp.dir/students/ooo30/Warp-firmware/build/ksdk1.1/work/demos/Warp/src/warp-kl03-ksdk1.1-boot.c.obj (POWER_SYS_Init)
../../../../lib/ksdk_platform_lib/armgcc/KL03Z4/release/libksdk_platform.a(fsl_gpio_driver.c.obj)
                              ../../../../lib/ksdk_platform_lib/armgcc/KL03Z4/release/libksdk_platform.a(fsl_power_manager.c.obj) (GPIO_DRV_InputPinInit)
../../../../lib/ksdk_platform_lib/armgcc/KL03Z4/release/libksdk_platform.a(fsl_i2c_shared_function.c.obj)
                              CMakeFiles/Warp.dir/students/ooo30/Warp-firmware/build/ksdk1.1/work/platform/drivers/src/i2c/fsl_i2c_irq.c.obj (I2C_DRV_IRQHandler)
../../../../lib/ksdk_platform_lib/armgcc/KL03Z4/release/libksdk_platform.a(fsl_i2c_common.c.obj)
                              ../../../../lib/ksdk_platform_lib/armgcc/KL03Z4/release/libksdk_platform.a(fsl_i2c_shared_function.c.obj) (g_i2cBaseAddr)
../../../../lib/ksdk_platform_lib/armgcc/KL03Z4/release/libksdk_platform.a(fsl_i2c_master_driver.c.obj)
                              CMakeFiles/Warp.dir/students/ooo30/Warp-firmware/build/ksdk1.1/work/demos/Warp/src/warp-kl03-ksdk1.1-boot.c.obj (I2C_DRV_MasterInit)
../../../../lib/ksdk_platform_lib/armgcc/KL03Z4/release/libksdk_platform.a(fsl_i2c_slave_driver.c.obj)
                              ../../../../lib/ksdk_platform_lib/armgcc/KL03Z4/release/libksdk_platform.a(fsl_i2c_shared_function.c.obj) (I2C_DRV_SlaveIRQHandler)
../../../../lib/ksdk_platform_lib/armgcc/KL03Z4/release/libksdk_platform.a(fsl_llwu_hal.c.obj)
                              ../../../../lib/ksdk_platform_lib/armgcc/KL03Z4/release/libksdk_platform.a(fsl_power_manager.c.obj) (LLWU_HAL_SetExternalInputPinMode)
../../../../lib/ksdk_platform_lib/armgcc/KL03Z4/release/libksdk_platform.a(fsl_lpuart_driver.c.obj)
                              CMakeFiles/Warp.dir/students/ooo30/Warp-firmware/build/ksdk1.1/work/demos/Warp/src/warp-kl03-ksdk1.1-boot.c.obj (LPUART_DRV_Init)
../../../../lib/ksdk_platform_lib/armgcc/KL03Z4/release/libksdk_platform.a(fsl_lpuart_common.c.obj)
                              ../../../../lib/ksdk_platform_lib/armgcc/KL03Z4/release/libksdk_platform.a(fsl_lpuart_driver.c.obj) (g_lpuartRxTxIrqId)
../../../../lib/ksdk_platform_lib/armgcc/KL03Z4/release/libksdk_platform.a(fsl_mcglite_hal.c.obj)
                              ../../../../lib/ksdk_platform_lib/armgcc/KL03Z4/release/libksdk_platform.a(fsl_clock_MKL03Z4.c.obj) (CLOCK_HAL_GetInternalRefClk)
../../../../lib/ksdk_platform_lib/armgcc/KL03Z4/release/libksdk_platform.a(fsl_mcglite_hal_modes.c.obj)
                              ../../../../lib/ksdk_platform_lib/armgcc/KL03Z4/release/libksdk_platform.a(fsl_power_manager.c.obj) (CLOCK_HAL_GetMode)
../../../../lib/ksdk_platform_lib/armgcc/KL03Z4/release/libksdk_platform.a(fsl_osc_hal.c.obj)
                              ../../../../lib/ksdk_platform_lib/armgcc/KL03Z4/release/libksdk_platform.a(fsl_clock_MKL03Z4.c.obj) (OSC_HAL_SetExternalRefClkCmd)
../../../../lib/ksdk_platform_lib/armgcc/KL03Z4/release/libksdk_platform.a(fsl_rtc_hal.c.obj)
                              CMakeFiles/Warp.dir/students/ooo30/Warp-firmware/build/ksdk1.1/work/demos/Warp/src/warp-kl03-ksdk1.1-powermodes.c.obj (RTC_HAL_ConvertSecsToDatetime)
../../../../lib/ksdk_platform_lib/armgcc/KL03Z4/release/libksdk_platform.a(fsl_rtc_driver.c.obj)
                              CMakeFiles/Warp.dir/students/ooo30/Warp-firmware/build/ksdk1.1/work/demos/Warp/src/warp-kl03-ksdk1.1-boot.c.obj (RTC_DRV_Init)
../../../../lib/ksdk_platform_lib/armgcc/KL03Z4/release/libksdk_platform.a(fsl_rtc_common.c.obj)
                              ../../../../lib/ksdk_platform_lib/armgcc/KL03Z4/release/libksdk_platform.a(fsl_rtc_driver.c.obj) (g_rtcSecondsIrqId)
[...]
Memory Configuration

Name             Origin             Length             Attributes
m_interrupts     0x0000000000000000 0x0000000000000100 xr
m_flash_config   0x0000000000000400 0x0000000000000010 xr
m_text           0x0000000000000410 0x0000000000007bf0 xr
m_data           0x000000001ffffe00 0x0000000000000800 rw
*default*        0x0000000000000000 0xffffffffffffffff

Linker script and memory map

LOAD /usr/lib/gcc/arm-none-eabi/9.2.1/thumb/v6-m/nofp/crti.o
LOAD /usr/lib/gcc/arm-none-eabi/9.2.1/thumb/v6-m/nofp/crtbegin.o
LOAD /usr/lib/gcc/arm-none-eabi/9.2.1/../../../arm-none-eabi/lib/thumb/v6-m/nofp/crt0.o
LOAD /usr/lib/gcc/arm-none-eabi/9.2.1/../../../arm-none-eabi/lib/thumb/v6-m/nofp/libm.a
                0x0000000000000200                __stack_size__ = 0x200
                0x0000000000000000                __heap_size__ = 0x0
LOAD CMakeFiles/Warp.dir/students/ooo30/Warp-firmware/build/ksdk1.1/work/platform/utilities/src/fsl_misc_utilities.c.obj
LOAD CMakeFiles/Warp.dir/students/ooo30/Warp-firmware/build/ksdk1.1/work/platform/startup/MKL03Z4/gcc/startup_MKL03Z4.S.obj
LOAD CMakeFiles/Warp.dir/students/ooo30/Warp-firmware/build/ksdk1.1/work/demos/Warp/src/warp-kl03-ksdk1.1-boot.c.obj
LOAD CMakeFiles/Warp.dir/students/ooo30/Warp-firmware/build/ksdk1.1/work/demos/Warp/src/warp-kl03-ksdk1.1-powermodes.c.obj
LOAD CMakeFiles/Warp.dir/students/ooo30/Warp-firmware/build/ksdk1.1/work/demos/Warp/src/devBMX055.c.obj
LOAD CMakeFiles/Warp.dir/students/ooo30/Warp-firmware/build/ksdk1.1/work/demos/Warp/src/devSSD1331.c.obj
LOAD CMakeFiles/Warp.dir/students/ooo30/Warp-firmware/build/ksdk1.1/work/demos/Warp/src/devINA219.c.obj
LOAD CMakeFiles/Warp.dir/students/ooo30/Warp-firmware/build/ksdk1.1/work/demos/Warp/src/devMMA8451Q.c.obj
LOAD CMakeFiles/Warp.dir/students/ooo30/Warp-firmware/build/ksdk1.1/work/demos/Warp/src/devHDC1000.c.obj
LOAD CMakeFiles/Warp.dir/students/ooo30/Warp-firmware/build/ksdk1.1/work/demos/Warp/src/devMAG3110.c.obj
LOAD CMakeFiles/Warp.dir/students/ooo30/Warp-firmware/build/ksdk1.1/work/demos/Warp/src/devL3GD20H.c.obj
LOAD CMakeFiles/Warp.dir/students/ooo30/Warp-firmware/build/ksdk1.1/work/demos/Warp/src/devBME680.c.obj
LOAD CMakeFiles/Warp.dir/students/ooo30/Warp-firmware/build/ksdk1.1/work/demos/Warp/src/devCCS811.c.obj
LOAD CMakeFiles/Warp.dir/students/ooo30/Warp-firmware/build/ksdk1.1/work/demos/Warp/src/devAMG8834.c.obj
LOAD CMakeFiles/Warp.dir/students/ooo30/Warp-firmware/build/ksdk1.1/work/demos/Warp/src/devISL23415.c.obj
LOAD CMakeFiles/Warp.dir/students/ooo30/Warp-firmware/build/ksdk1.1/work/demos/Warp/src/SEGGER_RTT.c.obj
LOAD CMakeFiles/Warp.dir/students/ooo30/Warp-firmware/build/ksdk1.1/work/demos/Warp/src/SEGGER_RTT_printf.c.obj
LOAD CMakeFiles/Warp.dir/students/ooo30/Warp-firmware/build/ksdk1.1/work/platform/drivers/src/i2c/fsl_i2c_irq.c.obj
LOAD CMakeFiles/Warp.dir/students/ooo30/Warp-firmware/build/ksdk1.1/work/platform/drivers/src/spi/fsl_spi_irq.c.obj
LOAD CMakeFiles/Warp.dir/students/ooo30/Warp-firmware/build/ksdk1.1/work/platform/startup/MKL03Z4/system_MKL03Z4.c.obj
LOAD CMakeFiles/Warp.dir/students/ooo30/Warp-firmware/build/ksdk1.1/work/platform/startup/startup.c.obj
LOAD CMakeFiles/Warp.dir/students/ooo30/Warp-firmware/build/ksdk1.1/work/boards/Warp/gpio_pins.c.obj
START GROUP
LOAD ../../../../lib/ksdk_platform_lib/armgcc/KL03Z4/release/libksdk_platform.a
LOAD /usr/lib/gcc/arm-none-eabi/9.2.1/../../../arm-none-eabi/lib/thumb/v6-m/nofp/libm.a
LOAD /usr/lib/gcc/arm-none-eabi/9.2.1/../../../arm-none-eabi/lib/thumb/v6-m/nofp/libc_nano.a
LOAD /usr/lib/gcc/arm-none-eabi/9.2.1/thumb/v6-m/nofp/libgcc.a
LOAD /usr/lib/gcc/arm-none-eabi/9.2.1/../../../arm-none-eabi/lib/thumb/v6-m/nofp/libnosys.a
END GROUP
START GROUP
LOAD /usr/lib/gcc/arm-none-eabi/9.2.1/thumb/v6-m/nofp/libgcc.a
LOAD /usr/lib/gcc/arm-none-eabi/9.2.1/../../../arm-none-eabi/lib/thumb/v6-m/nofp/libc_nano.a
END GROUP
START GROUP
LOAD /usr/lib/gcc/arm-none-eabi/9.2.1/thumb/v6-m/nofp/libgcc.a
LOAD /usr/lib/gcc/arm-none-eabi/9.2.1/../../../arm-none-eabi/lib/thumb/v6-m/nofp/libc_nano.a
END GROUP
LOAD /usr/lib/gcc/arm-none-eabi/9.2.1/thumb/v6-m/nofp/crtend.o
LOAD /usr/lib/gcc/arm-none-eabi/9.2.1/thumb/v6-m/nofp/crtn.o
                0x0000000000000000                HEAP_SIZE = DEFINED (__heap_size__)?__heap_size__:0x200
                0x0000000000000200                STACK_SIZE = DEFINED (__stack_size__)?__stack_size__:0x50
                0x0000000000000000                M_VECTOR_RAM_SIZE = DEFINED (__ram_vector_table__)?0x100:0x0

.interrupts     0x0000000000000000       0xc0
                0x0000000000000000                __VECTOR_TABLE = .
                0x0000000000000000                . = ALIGN (0x4)
 *(.isr_vector)
 .isr_vector    0x0000000000000000       0xc0 CMakeFiles/Warp.dir/students/ooo30/Warp-firmware/build/ksdk1.1/work/platform/startup/MKL03Z4/gcc/startup_MKL03Z4.S.obj
                0x0000000000000000                __isr_vector
                0x00000000000000c0                . = ALIGN (0x4)

.flash_config   0x0000000000000400       0x10
                0x0000000000000400                . = ALIGN (0x4)
 *(.FlashConfig)
 .FlashConfig   0x0000000000000400       0x10 CMakeFiles/Warp.dir/students/ooo30/Warp-firmware/build/ksdk1.1/work/platform/startup/MKL03Z4/gcc/startup_MKL03Z4.S.obj
                0x0000000000000410                . = ALIGN (0x4)

.text           0x0000000000000410     0x707c
                0x0000000000000410                . = ALIGN (0x4)
 *(.text)
 .text          0x0000000000000410       0x98 /usr/lib/gcc/arm-none-eabi/9.2.1/thumb/v6-m/nofp/crtbegin.o
 .text          0x00000000000004a8       0x74 /usr/lib/gcc/arm-none-eabi/9.2.1/../../../arm-none-eabi/lib/thumb/v6-m/nofp/crt0.o
                0x00000000000004a8                _stack_init
                0x00000000000004b4                _mainCRTStartup
                0x00000000000004b4                _start
 .text          0x000000000000051c       0x30 CMakeFiles/Warp.dir/students/ooo30/Warp-firmware/build/ksdk1.1/work/platform/startup/MKL03Z4/gcc/startup_MKL03Z4.S.obj
                0x000000000000051c                Reset_Handler
                0x0000000000000544                Reserved18_IRQHandler
                0x0000000000000544                Reserved16_IRQHandler
                0x0000000000000544                HardFault_Handler
                0x0000000000000544                SysTick_Handler
                0x0000000000000544                PendSV_Handler
                0x0000000000000544                NMI_Handler
                0x0000000000000544                Reserved19_IRQHandler
                0x0000000000000544                Reserved29_IRQHandler
                0x0000000000000544                TPM0_IRQHandler
                0x0000000000000544                LLWU_IRQHandler
                0x0000000000000544                Reserved42_IRQHandler
                0x0000000000000544                ADC0_IRQHandler
                0x0000000000000544                Reserved39_IRQHandler
                0x0000000000000544                DefaultISR
                0x0000000000000544                Reserved25_IRQHandler
                0x0000000000000544                PORTB_IRQHandler
                0x0000000000000544                Reserved43_IRQHandler
                0x0000000000000544                Reserved27_IRQHandler
                0x0000000000000544                Reserved35_IRQHandler
                0x0000000000000544                Reserved20_IRQHandler
                0x0000000000000544                Reserved17_IRQHandler
                0x0000000000000544                Reserved41_IRQHandler
                0x0000000000000544                SVC_Handler
                0x0000000000000544                LPUART0_IRQHandler
                0x0000000000000544                Reserved45_IRQHandler
                0x0000000000000544                Reserved30_IRQHandler
                0x0000000000000544                PMC_IRQHandler
                0x0000000000000544                TPM1_IRQHandler
                0x0000000000000544                PORTA_IRQHandler
                0x0000000000000544                FTFA_IRQHandler
                0x0000000000000544                Reserved40_IRQHandler
                0x0000000000000544                Reserved38_IRQHandler
                0x0000000000000544                LPTMR0_IRQHandler
                0x0000000000000544                CMP0_IRQHandler
 .text          0x000000000000054c       0x10 /usr/lib/gcc/arm-none-eabi/9.2.1/../../../arm-none-eabi/lib/thumb/v6-m/nofp/libc_nano.a(lib_a-atexit.o)
                0x000000000000054c                atexit
 .text          0x000000000000055c        0xc /usr/lib/gcc/arm-none-eabi/9.2.1/../../../arm-none-eabi/lib/thumb/v6-m/nofp/libc_nano.a(lib_a-errno.o)
                0x000000000000055c                __errno
 .text          0x0000000000000568       0x2c /usr/lib/gcc/arm-none-eabi/9.2.1/../../../arm-none-eabi/lib/thumb/v6-m/nofp/libc_nano.a(lib_a-exit.o)
                0x0000000000000568                exit
 .text          0x0000000000000594       0x28 /usr/lib/gcc/arm-none-eabi/9.2.1/../../../arm-none-eabi/lib/thumb/v6-m/nofp/libc_nano.a(lib_a-fini.o)
                0x0000000000000594                __libc_fini_array
 .text          0x00000000000005bc       0x44 /usr/lib/gcc/arm-none-eabi/9.2.1/../../../arm-none-eabi/lib/thumb/v6-m/nofp/libc_nano.a(lib_a-init.o)
                0x00000000000005bc                __libc_init_array
 .text          0x0000000000000600       0x28 /usr/lib/gcc/arm-none-eabi/9.2.1/../../../arm-none-eabi/lib/thumb/v6-m/nofp/libc_nano.a(lib_a-malloc.o)
                0x0000000000000600                malloc
                0x0000000000000614                free
 .text          0x0000000000000628       0xa8 /usr/lib/gcc/arm-none-eabi/9.2.1/../../../arm-none-eabi/lib/thumb/v6-m/nofp/libc_nano.a(lib_a-memcpy-stub.o)
                0x0000000000000628                memcpy
 .text          0x00000000000006d0       0xa8 /usr/lib/gcc/arm-none-eabi/9.2.1/../../../arm-none-eabi/lib/thumb/v6-m/nofp/libc_nano.a(lib_a-memset.o)
                0x00000000000006d0                memset
 .text          0x0000000000000778       0xac /usr/lib/gcc/arm-none-eabi/9.2.1/../../../arm-none-eabi/lib/thumb/v6-m/nofp/libc_nano.a(lib_a-nano-freer.o)
                0x0000000000000778                _free_r
 .text          0x0000000000000824       0xcc /usr/lib/gcc/arm-none-eabi/9.2.1/../../../arm-none-eabi/lib/thumb/v6-m/nofp/libc_nano.a(lib_a-nano-mallocr.o)
                0x0000000000000824                _malloc_r
 .text          0x00000000000008f0       0x24 /usr/lib/gcc/arm-none-eabi/9.2.1/../../../arm-none-eabi/lib/thumb/v6-m/nofp/libc_nano.a(lib_a-sbrkr.o)
                0x00000000000008f0                _sbrk_r
 .text          0x0000000000000914       0x10 /usr/lib/gcc/arm-none-eabi/9.2.1/../../../arm-none-eabi/lib/thumb/v6-m/nofp/libc_nano.a(lib_a-strcpy.o)
                0x0000000000000914                strcpy
 .text          0x0000000000000924       0x68 /usr/lib/gcc/arm-none-eabi/9.2.1/../../../arm-none-eabi/lib/thumb/v6-m/nofp/libc_nano.a(lib_a-strlen-stub.o)
                0x0000000000000924                strlen
 .text          0x000000000000098c       0xdc /usr/lib/gcc/arm-none-eabi/9.2.1/../../../arm-none-eabi/lib/thumb/v6-m/nofp/libc_nano.a(lib_a-__atexit.o)
                0x000000000000098c                __register_exitproc
 .text          0x0000000000000a68       0xbc /usr/lib/gcc/arm-none-eabi/9.2.1/../../../arm-none-eabi/lib/thumb/v6-m/nofp/libc_nano.a(lib_a-__call_atexit.o)
                0x0000000000000a68                __call_exitprocs
 .text          0x0000000000000b24        0x8 /usr/lib/gcc/arm-none-eabi/9.2.1/../../../arm-none-eabi/lib/thumb/v6-m/nofp/libc_nano.a(lib_a-mlock.o)
                0x0000000000000b24                __malloc_lock
                0x0000000000000b28                __malloc_unlock
 .text          0x0000000000000b2c       0x14 /usr/lib/gcc/arm-none-eabi/9.2.1/thumb/v6-m/nofp/libgcc.a(_thumb1_case_uqi.o)
                0x0000000000000b2c                __gnu_thumb1_case_uqi
 .text          0x0000000000000b40       0x14 /usr/lib/gcc/arm-none-eabi/9.2.1/thumb/v6-m/nofp/libgcc.a(_thumb1_case_shi.o)
                0x0000000000000b40                __gnu_thumb1_case_shi
 .text          0x0000000000000b54      0x114 /usr/lib/gcc/arm-none-eabi/9.2.1/thumb/v6-m/nofp/libgcc.a(_udivsi3.o)
                0x0000000000000b54                __udivsi3
                0x0000000000000b54                __aeabi_uidiv
                0x0000000000000c60                __aeabi_uidivmod
 .text          0x0000000000000c68      0x1d4 /usr/lib/gcc/arm-none-eabi/9.2.1/thumb/v6-m/nofp/libgcc.a(_divsi3.o)
                0x0000000000000c68                __aeabi_idiv
                0x0000000000000c68                __divsi3
                0x0000000000000e34                __aeabi_idivmod
 .text          0x0000000000000e3c        0x4 /usr/lib/gcc/arm-none-eabi/9.2.1/thumb/v6-m/nofp/libgcc.a(_dvmd_tls.o)
                0x0000000000000e3c                __aeabi_ldiv0
                0x0000000000000e3c                __aeabi_idiv0
 .text          0x0000000000000e40      0x218 /usr/lib/gcc/arm-none-eabi/9.2.1/thumb/v6-m/nofp/libgcc.a(divsf3.o)
                0x0000000000000e40                __aeabi_fdiv
 .text          0x0000000000001058      0x234 /usr/lib/gcc/arm-none-eabi/9.2.1/thumb/v6-m/nofp/libgcc.a(mulsf3.o)
                0x0000000000001058                __aeabi_fmul
 .text          0x000000000000128c       0x8c /usr/lib/gcc/arm-none-eabi/9.2.1/thumb/v6-m/nofp/libgcc.a(floatsisf.o)
                0x000000000000128c                __aeabi_i2f
 .text          0x0000000000001318      0x4d8 /usr/lib/gcc/arm-none-eabi/9.2.1/thumb/v6-m/nofp/libgcc.a(muldf3.o)
                0x0000000000001318                __aeabi_dmul
 .text          0x00000000000017f0       0x60 /usr/lib/gcc/arm-none-eabi/9.2.1/thumb/v6-m/nofp/libgcc.a(floatsidf.o)
                0x00000000000017f0                __aeabi_i2d
 .text          0x0000000000001850       0x90 /usr/lib/gcc/arm-none-eabi/9.2.1/thumb/v6-m/nofp/libgcc.a(extendsfdf2.o)
                0x0000000000001850                __aeabi_f2d
 .text          0x00000000000018e0      0x110 /usr/lib/gcc/arm-none-eabi/9.2.1/thumb/v6-m/nofp/libgcc.a(truncdfsf2.o)
                0x00000000000018e0                __aeabi_d2f
 .text          0x00000000000019f0       0x3c /usr/lib/gcc/arm-none-eabi/9.2.1/thumb/v6-m/nofp/libgcc.a(_clzsi2.o)
                0x00000000000019f0                __clzsi2
 .text          0x0000000000001a2c        0x4 /usr/lib/gcc/arm-none-eabi/9.2.1/../../../arm-none-eabi/lib/thumb/v6-m/nofp/libnosys.a(_exit.o)
                0x0000000000001a2c                _exit
 *(.text*)
 .text._sbrk    0x0000000000001a30       0x38 CMakeFiles/Warp.dir/students/ooo30/Warp-firmware/build/ksdk1.1/work/platform/utilities/src/fsl_misc_utilities.c.obj
                0x0000000000001a30                _sbrk
 .text.clockManagerCallbackRoutine
                0x0000000000001a68        0xc CMakeFiles/Warp.dir/students/ooo30/Warp-firmware/build/ksdk1.1/work/demos/Warp/src/warp-kl03-ksdk1.1-boot.c.obj
                0x0000000000001a68                clockManagerCallbackRoutine
 .text.callback0
                0x0000000000001a74       0x14 CMakeFiles/Warp.dir/students/ooo30/Warp-firmware/build/ksdk1.1/work/demos/Warp/src/warp-kl03-ksdk1.1-boot.c.obj
                0x0000000000001a74                callback0
 .text.RTC_IRQHandler
                0x0000000000001a88       0x16 CMakeFiles/Warp.dir/students/ooo30/Warp-firmware/build/ksdk1.1/work/demos/Warp/src/warp-kl03-ksdk1.1-boot.c.obj
                0x0000000000001a88                RTC_IRQHandler
 *fill*         0x0000000000001a9e        0x2 
 .text.RTC_Seconds_IRQHandler
                0x0000000000001aa0       0x10 CMakeFiles/Warp.dir/students/ooo30/Warp-firmware/build/ksdk1.1/work/demos/Warp/src/warp-kl03-ksdk1.1-boot.c.obj
                0x0000000000001aa0                RTC_Seconds_IRQHandler
 .text.enableSPIpins
                0x0000000000001ab0       0x5c CMakeFiles/Warp.dir/students/ooo30/Warp-firmware/build/ksdk1.1/work/demos/Warp/src/warp-kl03-ksdk1.1-boot.c.obj
                0x0000000000001ab0                enableSPIpins
 .text.disableSPIpins
                0x0000000000001b0c       0x40 CMakeFiles/Warp.dir/students/ooo30/Warp-firmware/build/ksdk1.1/work/demos/Warp/src/warp-kl03-ksdk1.1-boot.c.obj
                0x0000000000001b0c                disableSPIpins
 .text.enableI2Cpins
                0x0000000000001b4c       0x2c CMakeFiles/Warp.dir/students/ooo30/Warp-firmware/build/ksdk1.1/work/demos/Warp/src/warp-kl03-ksdk1.1-boot.c.obj
                0x0000000000001b4c                enableI2Cpins
 .text.disableI2Cpins
                0x0000000000001b78       0x34 CMakeFiles/Warp.dir/students/ooo30/Warp-firmware/build/ksdk1.1/work/demos/Warp/src/warp-kl03-ksdk1.1-boot.c.obj
                0x0000000000001b78                disableI2Cpins
 .text.lowPowerPinStates
                0x0000000000001bac      0x12c CMakeFiles/Warp.dir/students/ooo30/Warp-firmware/build/ksdk1.1/work/demos/Warp/src/warp-kl03-ksdk1.1-boot.c.obj
                0x0000000000001bac                lowPowerPinStates
 .text.disableTPS82740A
                0x0000000000001cd8        0xa CMakeFiles/Warp.dir/students/ooo30/Warp-firmware/build/ksdk1.1/work/demos/Warp/src/warp-kl03-ksdk1.1-boot.c.obj
                0x0000000000001cd8                disableTPS82740A
 .text.disableTPS82740B
                0x0000000000001ce2        0xa CMakeFiles/Warp.dir/students/ooo30/Warp-firmware/build/ksdk1.1/work/demos/Warp/src/warp-kl03-ksdk1.1-boot.c.obj
                0x0000000000001ce2                disableTPS82740B
 .text.setTPS82740CommonControlLines
                0x0000000000001cec      0x118 CMakeFiles/Warp.dir/students/ooo30/Warp-firmware/build/ksdk1.1/work/demos/Warp/src/warp-kl03-ksdk1.1-boot.c.obj
                0x0000000000001cec                setTPS82740CommonControlLines
 .text.enableTPS82740A
                0x0000000000001e04       0x1c CMakeFiles/Warp.dir/students/ooo30/Warp-firmware/build/ksdk1.1/work/demos/Warp/src/warp-kl03-ksdk1.1-boot.c.obj
                0x0000000000001e04                enableTPS82740A
 .text.enableTPS82740B
                0x0000000000001e20       0x1c CMakeFiles/Warp.dir/students/ooo30/Warp-firmware/build/ksdk1.1/work/demos/Warp/src/warp-kl03-ksdk1.1-boot.c.obj
                0x0000000000001e20                enableTPS82740B
 .text.enableSssupply
                0x0000000000001e3c       0x40 CMakeFiles/Warp.dir/students/ooo30/Warp-firmware/build/ksdk1.1/work/demos/Warp/src/warp-kl03-ksdk1.1-boot.c.obj
                0x0000000000001e3c                enableSssupply
 .text.disableSssupply
                0x0000000000001e7c       0x20 CMakeFiles/Warp.dir/students/ooo30/Warp-firmware/build/ksdk1.1/work/demos/Warp/src/warp-kl03-ksdk1.1-boot.c.obj
                0x0000000000001e7c                disableSssupply
 .text.warpLowPowerSecondsSleep
                0x0000000000001e9c       0x1e CMakeFiles/Warp.dir/students/ooo30/Warp-firmware/build/ksdk1.1/work/demos/Warp/src/warp-kl03-ksdk1.1-boot.c.obj
                0x0000000000001e9c                warpLowPowerSecondsSleep
 .text.sleepUntilReset
                0x0000000000001eba       0x16 CMakeFiles/Warp.dir/students/ooo30/Warp-firmware/build/ksdk1.1/work/demos/Warp/src/warp-kl03-ksdk1.1-boot.c.obj
                0x0000000000001eba                sleepUntilReset
 .text.printAllSensors
                0x0000000000001ed0       0xc4 CMakeFiles/Warp.dir/students/ooo30/Warp-firmware/build/ksdk1.1/work/demos/Warp/src/warp-kl03-ksdk1.1-boot.c.obj
                0x0000000000001ed0                printAllSensors
 .text.loopForSensor
                0x0000000000001f94      0x1d4 CMakeFiles/Warp.dir/students/ooo30/Warp-firmware/build/ksdk1.1/work/demos/Warp/src/warp-kl03-ksdk1.1-boot.c.obj
                0x0000000000001f94                loopForSensor
 .text.repeatRegisterReadForDeviceAndAddress
                0x0000000000002168      0x164 CMakeFiles/Warp.dir/students/ooo30/Warp-firmware/build/ksdk1.1/work/demos/Warp/src/warp-kl03-ksdk1.1-boot.c.obj
                0x0000000000002168                repeatRegisterReadForDeviceAndAddress
 .text.char2int
                0x00000000000022cc       0x24 CMakeFiles/Warp.dir/students/ooo30/Warp-firmware/build/ksdk1.1/work/demos/Warp/src/warp-kl03-ksdk1.1-boot.c.obj
                0x00000000000022cc                char2int
 .text.readHexByte
                0x00000000000022f0       0x2a CMakeFiles/Warp.dir/students/ooo30/Warp-firmware/build/ksdk1.1/work/demos/Warp/src/warp-kl03-ksdk1.1-boot.c.obj
                0x00000000000022f0                readHexByte
 .text.read4digits
                0x000000000000231a       0x40 CMakeFiles/Warp.dir/students/ooo30/Warp-firmware/build/ksdk1.1/work/demos/Warp/src/warp-kl03-ksdk1.1-boot.c.obj
                0x000000000000231a                read4digits
 *fill*         0x000000000000235a        0x2 
 .text.writeByteToI2cDeviceRegister
                0x000000000000235c       0x44 CMakeFiles/Warp.dir/students/ooo30/Warp-firmware/build/ksdk1.1/work/demos/Warp/src/warp-kl03-ksdk1.1-boot.c.obj
                0x000000000000235c                writeByteToI2cDeviceRegister
 .text.writeBytesToSpi
                0x00000000000023a0       0x40 CMakeFiles/Warp.dir/students/ooo30/Warp-firmware/build/ksdk1.1/work/demos/Warp/src/warp-kl03-ksdk1.1-boot.c.obj
                0x00000000000023a0                writeBytesToSpi
 .text.powerupAllSensors
                0x00000000000023e0       0x10 CMakeFiles/Warp.dir/students/ooo30/Warp-firmware/build/ksdk1.1/work/demos/Warp/src/warp-kl03-ksdk1.1-boot.c.obj
                0x00000000000023e0                powerupAllSensors
 .text.activateAllLowPowerSensorModes
                0x00000000000023f0       0x34 CMakeFiles/Warp.dir/students/ooo30/Warp-firmware/build/ksdk1.1/work/demos/Warp/src/warp-kl03-ksdk1.1-boot.c.obj
                0x00000000000023f0                activateAllLowPowerSensorModes
 .text.startup.main
                0x0000000000002424      0xb64 CMakeFiles/Warp.dir/students/ooo30/Warp-firmware/build/ksdk1.1/work/demos/Warp/src/warp-kl03-ksdk1.1-boot.c.obj
                0x0000000000002424                main
 .text.setSleepRtcAlarm
                0x0000000000002f88       0x2e CMakeFiles/Warp.dir/students/ooo30/Warp-firmware/build/ksdk1.1/work/demos/Warp/src/warp-kl03-ksdk1.1-powermodes.c.obj
 *fill*         0x0000000000002fb6        0x2 
 .text.gpioDisableWakeUp
                0x0000000000002fb8       0x18 CMakeFiles/Warp.dir/students/ooo30/Warp-firmware/build/ksdk1.1/work/demos/Warp/src/warp-kl03-ksdk1.1-powermodes.c.obj
                0x0000000000002fb8                gpioDisableWakeUp
 .text.warpSetLowPowerMode
                0x0000000000002fd0       0xf2 CMakeFiles/Warp.dir/students/ooo30/Warp-firmware/build/ksdk1.1/work/demos/Warp/src/warp-kl03-ksdk1.1-powermodes.c.obj
                0x0000000000002fd0                warpSetLowPowerMode
 *fill*         0x00000000000030c2        0x2 
 .text.writeCommand
                0x00000000000030c4       0x4c CMakeFiles/Warp.dir/students/ooo30/Warp-firmware/build/ksdk1.1/work/demos/Warp/src/devSSD1331.c.obj
 .text.devSSD1331init
                0x0000000000003110      0x1c0 CMakeFiles/Warp.dir/students/ooo30/Warp-firmware/build/ksdk1.1/work/demos/Warp/src/devSSD1331.c.obj
                0x0000000000003110                devSSD1331init
 .text.writeSensorRegisterINA219.part.0
                0x00000000000032d0       0x44 CMakeFiles/Warp.dir/students/ooo30/Warp-firmware/build/ksdk1.1/work/demos/Warp/src/devINA219.c.obj
 .text.initINA219
                0x0000000000003314        0x4 CMakeFiles/Warp.dir/students/ooo30/Warp-firmware/build/ksdk1.1/work/demos/Warp/src/devINA219.c.obj
                0x0000000000003314                initINA219
 .text.configureSensorINA219
                0x0000000000003318        0xc CMakeFiles/Warp.dir/students/ooo30/Warp-firmware/build/ksdk1.1/work/demos/Warp/src/devINA219.c.obj
                0x0000000000003318                configureSensorINA219
 .text.readSensorRegisterINA219
                0x0000000000003324       0x5c CMakeFiles/Warp.dir/students/ooo30/Warp-firmware/build/ksdk1.1/work/demos/Warp/src/devINA219.c.obj
                0x0000000000003324                readSensorRegisterINA219
 .text.printSensorDataINA219
                0x0000000000003380       0xe8 CMakeFiles/Warp.dir/students/ooo30/Warp-firmware/build/ksdk1.1/work/demos/Warp/src/devINA219.c.obj
                0x0000000000003380                printSensorDataINA219
 .text.writeSensorRegisterMMA8451Q.part.0
                0x0000000000003468       0x44 CMakeFiles/Warp.dir/students/ooo30/Warp-firmware/build/ksdk1.1/work/demos/Warp/src/devMMA8451Q.c.obj
 .text.initMMA8451Q
                0x00000000000034ac        0xa CMakeFiles/Warp.dir/students/ooo30/Warp-firmware/build/ksdk1.1/work/demos/Warp/src/devMMA8451Q.c.obj
                0x00000000000034ac                initMMA8451Q
 .text.configureSensorMMA8451Q
                0x00000000000034b6       0x1c CMakeFiles/Warp.dir/students/ooo30/Warp-firmware/build/ksdk1.1/work/demos/Warp/src/devMMA8451Q.c.obj
                0x00000000000034b6                configureSensorMMA8451Q
 *fill*         0x00000000000034d2        0x2 
 .text.readSensorRegisterMMA8451Q
                0x00000000000034d4       0x70 CMakeFiles/Warp.dir/students/ooo30/Warp-firmware/build/ksdk1.1/work/demos/Warp/src/devMMA8451Q.c.obj
                0x00000000000034d4                readSensorRegisterMMA8451Q
 .text.printSensorDataMMA8451Q
                0x0000000000003544       0xe4 CMakeFiles/Warp.dir/students/ooo30/Warp-firmware/build/ksdk1.1/work/demos/Warp/src/devMMA8451Q.c.obj
                0x0000000000003544                printSensorDataMMA8451Q
 .text._GetAvailWriteSpace
                0x0000000000003628       0x12 CMakeFiles/Warp.dir/students/ooo30/Warp-firmware/build/ksdk1.1/work/demos/Warp/src/SEGGER_RTT.c.obj
 .text._WriteNoCheck
                0x000000000000363a       0x30 CMakeFiles/Warp.dir/students/ooo30/Warp-firmware/build/ksdk1.1/work/demos/Warp/src/SEGGER_RTT.c.obj
 .text._WriteBlocking
                0x000000000000366a       0x5a CMakeFiles/Warp.dir/students/ooo30/Warp-firmware/build/ksdk1.1/work/demos/Warp/src/SEGGER_RTT.c.obj
 .text._DoInit  0x00000000000036c4       0x5c CMakeFiles/Warp.dir/students/ooo30/Warp-firmware/build/ksdk1.1/work/demos/Warp/src/SEGGER_RTT.c.obj
 .text.SEGGER_RTT_ReadNoLock
                0x0000000000003720       0xa4 CMakeFiles/Warp.dir/students/ooo30/Warp-firmware/build/ksdk1.1/work/demos/Warp/src/SEGGER_RTT.c.obj
                0x0000000000003720                SEGGER_RTT_ReadNoLock
 .text.SEGGER_RTT_Read
                0x00000000000037c4       0x1a CMakeFiles/Warp.dir/students/ooo30/Warp-firmware/build/ksdk1.1/work/demos/Warp/src/SEGGER_RTT.c.obj
                0x00000000000037c4                SEGGER_RTT_Read
 *fill*         0x00000000000037de        0x2 
 .text.SEGGER_RTT_WriteNoLock
                0x00000000000037e0       0x6c CMakeFiles/Warp.dir/students/ooo30/Warp-firmware/build/ksdk1.1/work/demos/Warp/src/SEGGER_RTT.c.obj
                0x00000000000037e0                SEGGER_RTT_WriteNoLock
 .text.SEGGER_RTT_Write
                0x000000000000384c       0x34 CMakeFiles/Warp.dir/students/ooo30/Warp-firmware/build/ksdk1.1/work/demos/Warp/src/SEGGER_RTT.c.obj
                0x000000000000384c                SEGGER_RTT_Write
 .text.SEGGER_RTT_WriteString
                0x0000000000003880       0x18 CMakeFiles/Warp.dir/students/ooo30/Warp-firmware/build/ksdk1.1/work/demos/Warp/src/SEGGER_RTT.c.obj
                0x0000000000003880                SEGGER_RTT_WriteString
 .text.SEGGER_RTT_GetKey
                0x0000000000003898       0x1e CMakeFiles/Warp.dir/students/ooo30/Warp-firmware/build/ksdk1.1/work/demos/Warp/src/SEGGER_RTT.c.obj
                0x0000000000003898                SEGGER_RTT_GetKey
 .text.SEGGER_RTT_WaitKey
                0x00000000000038b6        0xc CMakeFiles/Warp.dir/students/ooo30/Warp-firmware/build/ksdk1.1/work/demos/Warp/src/SEGGER_RTT.c.obj
                0x00000000000038b6                SEGGER_RTT_WaitKey
 *fill*         0x00000000000038c2        0x2 
 .text.SEGGER_RTT_ConfigUpBuffer
                0x00000000000038c4       0x60 CMakeFiles/Warp.dir/students/ooo30/Warp-firmware/build/ksdk1.1/work/demos/Warp/src/SEGGER_RTT.c.obj
                0x00000000000038c4                SEGGER_RTT_ConfigUpBuffer
 .text._StoreChar
                0x0000000000003924       0x3e CMakeFiles/Warp.dir/students/ooo30/Warp-firmware/build/ksdk1.1/work/demos/Warp/src/SEGGER_RTT_printf.c.obj
 *fill*         0x0000000000003962        0x2 
 .text._PrintUnsigned
                0x0000000000003964       0xe0 CMakeFiles/Warp.dir/students/ooo30/Warp-firmware/build/ksdk1.1/work/demos/Warp/src/SEGGER_RTT_printf.c.obj
 .text.SEGGER_RTT_vprintf
                0x0000000000003a44      0x262 CMakeFiles/Warp.dir/students/ooo30/Warp-firmware/build/ksdk1.1/work/demos/Warp/src/SEGGER_RTT_printf.c.obj
                0x0000000000003a44                SEGGER_RTT_vprintf
 .text.SEGGER_RTT_printf
                0x0000000000003ca6       0x18 CMakeFiles/Warp.dir/students/ooo30/Warp-firmware/build/ksdk1.1/work/demos/Warp/src/SEGGER_RTT_printf.c.obj
                0x0000000000003ca6                SEGGER_RTT_printf
 .text.I2C0_IRQHandler
                0x0000000000003cbe        0xa CMakeFiles/Warp.dir/students/ooo30/Warp-firmware/build/ksdk1.1/work/platform/drivers/src/i2c/fsl_i2c_irq.c.obj
                0x0000000000003cbe                I2C0_IRQHandler
 .text.SPI0_IRQHandler
                0x0000000000003cc8        0xa CMakeFiles/Warp.dir/students/ooo30/Warp-firmware/build/ksdk1.1/work/platform/drivers/src/spi/fsl_spi_irq.c.obj
                0x0000000000003cc8                SPI0_IRQHandler
 *fill*         0x0000000000003cd2        0x2 
 .text.SystemInit
                0x0000000000003cd4       0x84 CMakeFiles/Warp.dir/students/ooo30/Warp-firmware/build/ksdk1.1/work/platform/startup/MKL03Z4/system_MKL03Z4.c.obj
                0x0000000000003cd4                SystemInit
 .text.init_data_bss
                0x0000000000003d58       0x70 CMakeFiles/Warp.dir/students/ooo30/Warp-firmware/build/ksdk1.1/work/platform/startup/startup.c.obj
                0x0000000000003d58                init_data_bss
 .text.OSA_SemaCreate
                0x0000000000003dc8        0xe ../../../../lib/ksdk_platform_lib/armgcc/KL03Z4/release/libksdk_platform.a(fsl_os_abstraction_bm.c.obj)
                0x0000000000003dc8                OSA_SemaCreate
 .text.OSA_SemaPost
                0x0000000000003dd6       0x20 ../../../../lib/ksdk_platform_lib/armgcc/KL03Z4/release/libksdk_platform.a(fsl_os_abstraction_bm.c.obj)
                0x0000000000003dd6                OSA_SemaPost
 .text.OSA_SemaDestroy
                0x0000000000003df6        0x4 ../../../../lib/ksdk_platform_lib/armgcc/KL03Z4/release/libksdk_platform.a(fsl_os_abstraction_bm.c.obj)
                0x0000000000003df6                OSA_SemaDestroy
 .text.OSA_EventSet
                0x0000000000003dfa       0x18 ../../../../lib/ksdk_platform_lib/armgcc/KL03Z4/release/libksdk_platform.a(fsl_os_abstraction_bm.c.obj)
                0x0000000000003dfa                OSA_EventSet
 *fill*         0x0000000000003e12        0x2 
 .text.task_init
                0x0000000000003e14       0x38 ../../../../lib/ksdk_platform_lib/armgcc/KL03Z4/release/libksdk_platform.a(fsl_os_abstraction_bm.c.obj)
                0x0000000000003e14                task_init
 .text.OSA_TimeGetMsec
                0x0000000000003e4c       0x10 ../../../../lib/ksdk_platform_lib/armgcc/KL03Z4/release/libksdk_platform.a(fsl_os_abstraction_bm.c.obj)
                0x0000000000003e4c                OSA_TimeGetMsec
 .text.OSA_SemaWait
                0x0000000000003e5c       0x7a ../../../../lib/ksdk_platform_lib/armgcc/KL03Z4/release/libksdk_platform.a(fsl_os_abstraction_bm.c.obj)
                0x0000000000003e5c                OSA_SemaWait
 .text.OSA_TimeDelay
                0x0000000000003ed6       0x26 ../../../../lib/ksdk_platform_lib/armgcc/KL03Z4/release/libksdk_platform.a(fsl_os_abstraction_bm.c.obj)
                0x0000000000003ed6                OSA_TimeDelay
 .text.OSA_EnterCritical
                0x0000000000003efc        0xc ../../../../lib/ksdk_platform_lib/armgcc/KL03Z4/release/libksdk_platform.a(fsl_os_abstraction_bm.c.obj)
                0x0000000000003efc                OSA_EnterCritical
 .text.OSA_ExitCritical
                0x0000000000003f08        0xc ../../../../lib/ksdk_platform_lib/armgcc/KL03Z4/release/libksdk_platform.a(fsl_os_abstraction_bm.c.obj)
                0x0000000000003f08                OSA_ExitCritical
 .text.OSA_Init
                0x0000000000003f14       0x48 ../../../../lib/ksdk_platform_lib/armgcc/KL03Z4/release/libksdk_platform.a(fsl_os_abstraction_bm.c.obj)
                0x0000000000003f14                OSA_Init
 .text.CLOCK_SYS_Init
                0x0000000000003f5c       0x18 ../../../../lib/ksdk_platform_lib/armgcc/KL03Z4/release/libksdk_platform.a(fsl_clock_manager.c.obj)
                0x0000000000003f5c                CLOCK_SYS_Init
 .text.CLOCK_SYS_UpdateConfiguration
                0x0000000000003f74       0xfc ../../../../lib/ksdk_platform_lib/armgcc/KL03Z4/release/libksdk_platform.a(fsl_clock_manager.c.obj)
                0x0000000000003f74                CLOCK_SYS_UpdateConfiguration
 .text.CLOCK_SYS_GetCurrentConfiguration
                0x0000000000004070        0xc ../../../../lib/ksdk_platform_lib/armgcc/KL03Z4/release/libksdk_platform.a(fsl_clock_manager.c.obj)
                0x0000000000004070                CLOCK_SYS_GetCurrentConfiguration
 .text.CLOCK_SYS_SetMcgliteMode
                0x000000000000407c       0x84 ../../../../lib/ksdk_platform_lib/armgcc/KL03Z4/release/libksdk_platform.a(fsl_clock_manager.c.obj)
                0x000000000000407c                CLOCK_SYS_SetMcgliteMode
 .text.SIM_HAL_DisableClock.constprop.0
                0x0000000000004100       0x24 ../../../../lib/ksdk_platform_lib/armgcc/KL03Z4/release/libksdk_platform.a(fsl_clock_MKL03Z4.c.obj)
 .text.SIM_HAL_EnableClock.constprop.0
                0x0000000000004124       0x28 ../../../../lib/ksdk_platform_lib/armgcc/KL03Z4/release/libksdk_platform.a(fsl_clock_MKL03Z4.c.obj)
 .text.CLOCK_SYS_SetConfiguration
                0x000000000000414c       0x58 ../../../../lib/ksdk_platform_lib/armgcc/KL03Z4/release/libksdk_platform.a(fsl_clock_MKL03Z4.c.obj)
                0x000000000000414c                CLOCK_SYS_SetConfiguration
 .text.CLOCK_SYS_GetCoreClockFreq
                0x00000000000041a4       0x20 ../../../../lib/ksdk_platform_lib/armgcc/KL03Z4/release/libksdk_platform.a(fsl_clock_MKL03Z4.c.obj)
                0x00000000000041a4                CLOCK_SYS_GetCoreClockFreq
 .text.CLOCK_SYS_GetSystemClockFreq
                0x00000000000041c4        0x8 ../../../../lib/ksdk_platform_lib/armgcc/KL03Z4/release/libksdk_platform.a(fsl_clock_MKL03Z4.c.obj)
                0x00000000000041c4                CLOCK_SYS_GetSystemClockFreq
 .text.CLOCK_SYS_GetBusClockFreq
                0x00000000000041cc       0x20 ../../../../lib/ksdk_platform_lib/armgcc/KL03Z4/release/libksdk_platform.a(fsl_clock_MKL03Z4.c.obj)
                0x00000000000041cc                CLOCK_SYS_GetBusClockFreq
 .text.CLOCK_SYS_GetFlashClockFreq
                0x00000000000041ec        0x8 ../../../../lib/ksdk_platform_lib/armgcc/KL03Z4/release/libksdk_platform.a(fsl_clock_MKL03Z4.c.obj)
                0x00000000000041ec                CLOCK_SYS_GetFlashClockFreq
 .text.CLOCK_SYS_GetExternalRefClock32kFreq
                0x00000000000041f4       0x3c ../../../../lib/ksdk_platform_lib/armgcc/KL03Z4/release/libksdk_platform.a(fsl_clock_MKL03Z4.c.obj)
                0x00000000000041f4                CLOCK_SYS_GetExternalRefClock32kFreq
 .text.CLOCK_SYS_GetRtcFreq
                0x0000000000004230        0x8 ../../../../lib/ksdk_platform_lib/armgcc/KL03Z4/release/libksdk_platform.a(fsl_clock_MKL03Z4.c.obj)
                0x0000000000004230                CLOCK_SYS_GetRtcFreq
 .text.CLOCK_SYS_EnablePortClock
                0x0000000000004238       0x10 ../../../../lib/ksdk_platform_lib/armgcc/KL03Z4/release/libksdk_platform.a(fsl_clock_MKL03Z4.c.obj)
                0x0000000000004238                CLOCK_SYS_EnablePortClock
 .text.CLOCK_SYS_EnableSpiClock
                0x0000000000004248        0xa ../../../../lib/ksdk_platform_lib/armgcc/KL03Z4/release/libksdk_platform.a(fsl_clock_MKL03Z4.c.obj)
                0x0000000000004248                CLOCK_SYS_EnableSpiClock
 .text.CLOCK_SYS_DisableSpiClock
                0x0000000000004252        0xa ../../../../lib/ksdk_platform_lib/armgcc/KL03Z4/release/libksdk_platform.a(fsl_clock_MKL03Z4.c.obj)
                0x0000000000004252                CLOCK_SYS_DisableSpiClock
 .text.CLOCK_SYS_EnableI2cClock
                0x000000000000425c        0xa ../../../../lib/ksdk_platform_lib/armgcc/KL03Z4/release/libksdk_platform.a(fsl_clock_MKL03Z4.c.obj)
                0x000000000000425c                CLOCK_SYS_EnableI2cClock
 .text.CLOCK_SYS_DisableI2cClock
                0x0000000000004266        0xa ../../../../lib/ksdk_platform_lib/armgcc/KL03Z4/release/libksdk_platform.a(fsl_clock_MKL03Z4.c.obj)
                0x0000000000004266                CLOCK_SYS_DisableI2cClock
 .text.INT_SYS_EnableIRQGlobal
                0x0000000000004270       0x18 ../../../../lib/ksdk_platform_lib/armgcc/KL03Z4/release/libksdk_platform.a(fsl_interrupt_manager.c.obj)
                0x0000000000004270                INT_SYS_EnableIRQGlobal
 .text.INT_SYS_DisableIRQGlobal
                0x0000000000004288       0x10 ../../../../lib/ksdk_platform_lib/armgcc/KL03Z4/release/libksdk_platform.a(fsl_interrupt_manager.c.obj)
                0x0000000000004288                INT_SYS_DisableIRQGlobal
 .text.POWER_SYS_WaitForVlprStatus
                0x0000000000004298       0x24 ../../../../lib/ksdk_platform_lib/armgcc/KL03Z4/release/libksdk_platform.a(fsl_power_manager.c.obj)
 .text.POWER_SYS_WaitForRunStatus
                0x00000000000042bc       0x3c ../../../../lib/ksdk_platform_lib/armgcc/KL03Z4/release/libksdk_platform.a(fsl_power_manager.c.obj)
 .text.POWER_SYS_Init
                0x00000000000042f8       0x44 ../../../../lib/ksdk_platform_lib/armgcc/KL03Z4/release/libksdk_platform.a(fsl_power_manager.c.obj)
                0x00000000000042f8                POWER_SYS_Init
 .text.POWER_SYS_SetMode
                0x000000000000433c      0x2e8 ../../../../lib/ksdk_platform_lib/armgcc/KL03Z4/release/libksdk_platform.a(fsl_power_manager.c.obj)
                0x000000000000433c                POWER_SYS_SetMode
 .text.POWER_SYS_GetCurrentMode
                0x0000000000004624       0x20 ../../../../lib/ksdk_platform_lib/armgcc/KL03Z4/release/libksdk_platform.a(fsl_power_manager.c.obj)
                0x0000000000004624                POWER_SYS_GetCurrentMode
 .text.GPIO_DRV_InputPinInit
                0x0000000000004644       0x90 ../../../../lib/ksdk_platform_lib/armgcc/KL03Z4/release/libksdk_platform.a(fsl_gpio_driver.c.obj)
                0x0000000000004644                GPIO_DRV_InputPinInit
 .text.GPIO_DRV_OutputPinInit
                0x00000000000046d4       0x58 ../../../../lib/ksdk_platform_lib/armgcc/KL03Z4/release/libksdk_platform.a(fsl_gpio_driver.c.obj)
                0x00000000000046d4                GPIO_DRV_OutputPinInit
 .text.GPIO_DRV_Init
                0x000000000000472c       0x34 ../../../../lib/ksdk_platform_lib/armgcc/KL03Z4/release/libksdk_platform.a(fsl_gpio_driver.c.obj)
                0x000000000000472c                GPIO_DRV_Init
 .text.GPIO_DRV_SetPinOutput
                0x0000000000004760       0x1c ../../../../lib/ksdk_platform_lib/armgcc/KL03Z4/release/libksdk_platform.a(fsl_gpio_driver.c.obj)
                0x0000000000004760                GPIO_DRV_SetPinOutput
 .text.GPIO_DRV_ClearPinOutput
                0x000000000000477c       0x1c ../../../../lib/ksdk_platform_lib/armgcc/KL03Z4/release/libksdk_platform.a(fsl_gpio_driver.c.obj)
                0x000000000000477c                GPIO_DRV_ClearPinOutput
 .text.I2C_DRV_IRQHandler
                0x0000000000004798       0x28 ../../../../lib/ksdk_platform_lib/armgcc/KL03Z4/release/libksdk_platform.a(fsl_i2c_shared_function.c.obj)
                0x0000000000004798                I2C_DRV_IRQHandler
 .text.I2C_HAL_WriteByte
                0x00000000000047c0       0x14 ../../../../lib/ksdk_platform_lib/armgcc/KL03Z4/release/libksdk_platform.a(fsl_i2c_master_driver.c.obj)
 .text.I2C_DRV_MasterWait
                0x00000000000047d4       0x2c ../../../../lib/ksdk_platform_lib/armgcc/KL03Z4/release/libksdk_platform.a(fsl_i2c_master_driver.c.obj)
 .text.I2C_DRV_CompleteTransfer
                0x0000000000004800       0x4c ../../../../lib/ksdk_platform_lib/armgcc/KL03Z4/release/libksdk_platform.a(fsl_i2c_master_driver.c.obj)
 .text.I2C_DRV_SendAddress.isra.0
                0x000000000000484c       0xe8 ../../../../lib/ksdk_platform_lib/armgcc/KL03Z4/release/libksdk_platform.a(fsl_i2c_master_driver.c.obj)
 .text.I2C_DRV_MasterInit
                0x0000000000004934       0x78 ../../../../lib/ksdk_platform_lib/armgcc/KL03Z4/release/libksdk_platform.a(fsl_i2c_master_driver.c.obj)
                0x0000000000004934                I2C_DRV_MasterInit
 .text.I2C_DRV_MasterDeinit
                0x00000000000049ac       0x4c ../../../../lib/ksdk_platform_lib/armgcc/KL03Z4/release/libksdk_platform.a(fsl_i2c_master_driver.c.obj)
                0x00000000000049ac                I2C_DRV_MasterDeinit
 .text.I2C_DRV_MasterSetBaudRate
                0x00000000000049f8       0x34 ../../../../lib/ksdk_platform_lib/armgcc/KL03Z4/release/libksdk_platform.a(fsl_i2c_master_driver.c.obj)
                0x00000000000049f8                I2C_DRV_MasterSetBaudRate
 .text.I2C_DRV_MasterSend
                0x0000000000004a2c       0xe0 ../../../../lib/ksdk_platform_lib/armgcc/KL03Z4/release/libksdk_platform.a(fsl_i2c_master_driver.c.obj)
 .text.I2C_DRV_MasterReceive
                0x0000000000004b0c       0xf0 ../../../../lib/ksdk_platform_lib/armgcc/KL03Z4/release/libksdk_platform.a(fsl_i2c_master_driver.c.obj)
 .text.I2C_DRV_MasterSendDataBlocking
                0x0000000000004bfc       0x1a ../../../../lib/ksdk_platform_lib/armgcc/KL03Z4/release/libksdk_platform.a(fsl_i2c_master_driver.c.obj)
                0x0000000000004bfc                I2C_DRV_MasterSendDataBlocking
 .text.I2C_DRV_MasterReceiveDataBlocking
                0x0000000000004c16       0x1a ../../../../lib/ksdk_platform_lib/armgcc/KL03Z4/release/libksdk_platform.a(fsl_i2c_master_driver.c.obj)
                0x0000000000004c16                I2C_DRV_MasterReceiveDataBlocking
 .text.I2C_DRV_MasterIRQHandler
                0x0000000000004c30       0x9c ../../../../lib/ksdk_platform_lib/armgcc/KL03Z4/release/libksdk_platform.a(fsl_i2c_master_driver.c.obj)
                0x0000000000004c30                I2C_DRV_MasterIRQHandler
 .text.I2C_HAL_ClearInt
                0x0000000000004ccc        0xe ../../../../lib/ksdk_platform_lib/armgcc/KL03Z4/release/libksdk_platform.a(fsl_i2c_slave_driver.c.obj)
 *fill*         0x0000000000004cda        0x2 
 .text.I2C_DRV_SlaveIRQHandler
                0x0000000000004cdc      0x250 ../../../../lib/ksdk_platform_lib/armgcc/KL03Z4/release/libksdk_platform.a(fsl_i2c_slave_driver.c.obj)
                0x0000000000004cdc                I2C_DRV_SlaveIRQHandler
 .text.CLOCK_HAL_GetLircClk
                0x0000000000004f2c       0x34 ../../../../lib/ksdk_platform_lib/armgcc/KL03Z4/release/libksdk_platform.a(fsl_mcglite_hal.c.obj)
                0x0000000000004f2c                CLOCK_HAL_GetLircClk
 .text.CLOCK_HAL_GetOutClk
                0x0000000000004f60       0x48 ../../../../lib/ksdk_platform_lib/armgcc/KL03Z4/release/libksdk_platform.a(fsl_mcglite_hal.c.obj)
                0x0000000000004f60                CLOCK_HAL_GetOutClk
 .text.CLOCK_HAL_GetMode
                0x0000000000004fa8       0x38 ../../../../lib/ksdk_platform_lib/armgcc/KL03Z4/release/libksdk_platform.a(fsl_mcglite_hal_modes.c.obj)
                0x0000000000004fa8                CLOCK_HAL_GetMode
 .text.CLOCK_HAL_SetHircMode
                0x0000000000004fe0       0x38 ../../../../lib/ksdk_platform_lib/armgcc/KL03Z4/release/libksdk_platform.a(fsl_mcglite_hal_modes.c.obj)
                0x0000000000004fe0                CLOCK_HAL_SetHircMode
 .text.CLOCK_HAL_SetLircMode
                0x0000000000005018       0x84 ../../../../lib/ksdk_platform_lib/armgcc/KL03Z4/release/libksdk_platform.a(fsl_mcglite_hal_modes.c.obj)
                0x0000000000005018                CLOCK_HAL_SetLircMode
 .text.CLOCK_HAL_SetExtMode
                0x000000000000509c       0x38 ../../../../lib/ksdk_platform_lib/armgcc/KL03Z4/release/libksdk_platform.a(fsl_mcglite_hal_modes.c.obj)
                0x000000000000509c                CLOCK_HAL_SetExtMode
 .text.OSC_HAL_SetExternalRefClkCmd
                0x00000000000050d4        0xe ../../../../lib/ksdk_platform_lib/armgcc/KL03Z4/release/libksdk_platform.a(fsl_osc_hal.c.obj)
                0x00000000000050d4                OSC_HAL_SetExternalRefClkCmd
 .text.OSC_HAL_SetExternalRefClkInStopModeCmd
                0x00000000000050e2        0xe ../../../../lib/ksdk_platform_lib/armgcc/KL03Z4/release/libksdk_platform.a(fsl_osc_hal.c.obj)
                0x00000000000050e2                OSC_HAL_SetExternalRefClkInStopModeCmd
 .text.RTC_HAL_ConvertSecsToDatetime
                0x00000000000050f0       0x9c ../../../../lib/ksdk_platform_lib/armgcc/KL03Z4/release/libksdk_platform.a(fsl_rtc_hal.c.obj)
                0x00000000000050f0                RTC_HAL_ConvertSecsToDatetime
 .text.RTC_HAL_IsDatetimeCorrectFormat
                0x000000000000518c       0x54 ../../../../lib/ksdk_platform_lib/armgcc/KL03Z4/release/libksdk_platform.a(fsl_rtc_hal.c.obj)
                0x000000000000518c                RTC_HAL_IsDatetimeCorrectFormat
 .text.RTC_HAL_ConvertDatetimeToSecs
                0x00000000000051e0       0x5c ../../../../lib/ksdk_platform_lib/armgcc/KL03Z4/release/libksdk_platform.a(fsl_rtc_hal.c.obj)
                0x00000000000051e0                RTC_HAL_ConvertDatetimeToSecs
 .text.RTC_HAL_Enable
                0x000000000000523c       0x28 ../../../../lib/ksdk_platform_lib/armgcc/KL03Z4/release/libksdk_platform.a(fsl_rtc_hal.c.obj)
                0x000000000000523c                RTC_HAL_Enable
 .text.RTC_HAL_Init
                0x0000000000005264       0x38 ../../../../lib/ksdk_platform_lib/armgcc/KL03Z4/release/libksdk_platform.a(fsl_rtc_hal.c.obj)
                0x0000000000005264                RTC_HAL_Init
 .text.RTC_HAL_SetDatetimeInsecs
                0x000000000000529c       0x18 ../../../../lib/ksdk_platform_lib/armgcc/KL03Z4/release/libksdk_platform.a(fsl_rtc_hal.c.obj)
                0x000000000000529c                RTC_HAL_SetDatetimeInsecs
 .text.RTC_HAL_GetDatetimeInSecs
                0x00000000000052b4        0x6 ../../../../lib/ksdk_platform_lib/armgcc/KL03Z4/release/libksdk_platform.a(fsl_rtc_hal.c.obj)
                0x00000000000052b4                RTC_HAL_GetDatetimeInSecs
 *fill*         0x00000000000052ba        0x2 
 .text.RTC_DRV_Init
                0x00000000000052bc       0x58 ../../../../lib/ksdk_platform_lib/armgcc/KL03Z4/release/libksdk_platform.a(fsl_rtc_driver.c.obj)
                0x00000000000052bc                RTC_DRV_Init
 .text.RTC_DRV_SetDatetime
                0x0000000000005314       0x50 ../../../../lib/ksdk_platform_lib/armgcc/KL03Z4/release/libksdk_platform.a(fsl_rtc_driver.c.obj)
                0x0000000000005314                RTC_DRV_SetDatetime
 .text.RTC_DRV_GetDatetime
                0x0000000000005364       0x58 ../../../../lib/ksdk_platform_lib/armgcc/KL03Z4/release/libksdk_platform.a(fsl_rtc_driver.c.obj)
                0x0000000000005364                RTC_DRV_GetDatetime
 .text.RTC_DRV_SetAlarm
                0x00000000000053bc       0x6c ../../../../lib/ksdk_platform_lib/armgcc/KL03Z4/release/libksdk_platform.a(fsl_rtc_driver.c.obj)
                0x00000000000053bc                RTC_DRV_SetAlarm
 .text.RTC_DRV_SetAlarmIntCmd
                0x0000000000005428       0x18 ../../../../lib/ksdk_platform_lib/armgcc/KL03Z4/release/libksdk_platform.a(fsl_rtc_driver.c.obj)
                0x0000000000005428                RTC_DRV_SetAlarmIntCmd
 .text.RTC_DRV_IsAlarmPending
                0x0000000000005440       0x1c ../../../../lib/ksdk_platform_lib/armgcc/KL03Z4/release/libksdk_platform.a(fsl_rtc_driver.c.obj)
                0x0000000000005440                RTC_DRV_IsAlarmPending
 .text.CLOCK_HAL_SetOutDiv
                0x000000000000545c       0x1c ../../../../lib/ksdk_platform_lib/armgcc/KL03Z4/release/libksdk_platform.a(fsl_sim_hal_MKL03Z4.c.obj)
                0x000000000000545c                CLOCK_HAL_SetOutDiv
 .text.SPI_DRV_IRQHandler
                0x0000000000005478       0x28 ../../../../lib/ksdk_platform_lib/armgcc/KL03Z4/release/libksdk_platform.a(fsl_spi_shared_function.c.obj)
                0x0000000000005478                SPI_DRV_IRQHandler
 .text.SPI_DRV_MasterCompleteTransfer
                0x00000000000054a0       0x3c ../../../../lib/ksdk_platform_lib/armgcc/KL03Z4/release/libksdk_platform.a(fsl_spi_master_driver.c.obj)
 .text.SPI_DRV_MasterInit
                0x00000000000054dc       0x84 ../../../../lib/ksdk_platform_lib/armgcc/KL03Z4/release/libksdk_platform.a(fsl_spi_master_driver.c.obj)
                0x00000000000054dc                SPI_DRV_MasterInit
 .text.SPI_DRV_MasterDeinit
                0x0000000000005560       0x48 ../../../../lib/ksdk_platform_lib/armgcc/KL03Z4/release/libksdk_platform.a(fsl_spi_master_driver.c.obj)
                0x0000000000005560                SPI_DRV_MasterDeinit
 .text.SPI_DRV_MasterConfigureBus
                0x00000000000055a8       0x34 ../../../../lib/ksdk_platform_lib/armgcc/KL03Z4/release/libksdk_platform.a(fsl_spi_master_driver.c.obj)
                0x00000000000055a8                SPI_DRV_MasterConfigureBus
 .text.SPI_DRV_MasterStartTransfer
                0x00000000000055dc       0x84 ../../../../lib/ksdk_platform_lib/armgcc/KL03Z4/release/libksdk_platform.a(fsl_spi_master_driver.c.obj)
 .text.SPI_DRV_MasterTransferBlocking
                0x0000000000005660       0x58 ../../../../lib/ksdk_platform_lib/armgcc/KL03Z4/release/libksdk_platform.a(fsl_spi_master_driver.c.obj)
                0x0000000000005660                SPI_DRV_MasterTransferBlocking
 .text.SPI_DRV_MasterIRQHandler
                0x00000000000056b8       0x84 ../../../../lib/ksdk_platform_lib/armgcc/KL03Z4/release/libksdk_platform.a(fsl_spi_master_driver.c.obj)
                0x00000000000056b8                SPI_DRV_MasterIRQHandler
 .text.SPI_DRV_SlaveCompleteTransfer
                0x000000000000573c       0x4c ../../../../lib/ksdk_platform_lib/armgcc/KL03Z4/release/libksdk_platform.a(fsl_spi_slave_driver.c.obj)
 .text.SPI_DRV_SlaveIRQHandler
                0x0000000000005788       0xa0 ../../../../lib/ksdk_platform_lib/armgcc/KL03Z4/release/libksdk_platform.a(fsl_spi_slave_driver.c.obj)
                0x0000000000005788                SPI_DRV_SlaveIRQHandler
 .text.SMC_HAL_GetProtectionMode
                0x0000000000005828       0x20 ../../../../lib/ksdk_platform_lib/armgcc/KL03Z4/release/libksdk_platform.a(fsl_smc_hal.c.obj)
                0x0000000000005828                SMC_HAL_GetProtectionMode
 .text.SMC_HAL_SetRunMode
                0x0000000000005848       0x14 ../../../../lib/ksdk_platform_lib/armgcc/KL03Z4/release/libksdk_platform.a(fsl_smc_hal.c.obj)
                0x0000000000005848                SMC_HAL_SetRunMode
 .text.SMC_HAL_SetPorMode
                0x000000000000585c       0x10 ../../../../lib/ksdk_platform_lib/armgcc/KL03Z4/release/libksdk_platform.a(fsl_smc_hal.c.obj)
                0x000000000000585c                SMC_HAL_SetPorMode
 .text.SMC_HAL_SetPstopMode
                0x000000000000586c       0x14 ../../../../lib/ksdk_platform_lib/armgcc/KL03Z4/release/libksdk_platform.a(fsl_smc_hal.c.obj)
                0x000000000000586c                SMC_HAL_SetPstopMode
 .text.SMC_HAL_SetLpoMode
                0x0000000000005880       0x10 ../../../../lib/ksdk_platform_lib/armgcc/KL03Z4/release/libksdk_platform.a(fsl_smc_hal.c.obj)
                0x0000000000005880                SMC_HAL_SetLpoMode
 .text.SMC_HAL_SetMode
                0x0000000000005890       0xf0 ../../../../lib/ksdk_platform_lib/armgcc/KL03Z4/release/libksdk_platform.a(fsl_smc_hal.c.obj)
                0x0000000000005890                SMC_HAL_SetMode
 .text.SMC_HAL_GetStat
                0x0000000000005980       0x10 ../../../../lib/ksdk_platform_lib/armgcc/KL03Z4/release/libksdk_platform.a(fsl_smc_hal.c.obj)
                0x0000000000005980                SMC_HAL_GetStat
 .text.GPIO_HAL_SetPinDir
                0x0000000000005990       0x1e ../../../../lib/ksdk_platform_lib/armgcc/KL03Z4/release/libksdk_platform.a(fsl_gpio_hal.c.obj)
                0x0000000000005990                GPIO_HAL_SetPinDir
 .text.GPIO_HAL_WritePinOutput
                0x00000000000059ae       0x10 ../../../../lib/ksdk_platform_lib/armgcc/KL03Z4/release/libksdk_platform.a(fsl_gpio_hal.c.obj)
                0x00000000000059ae                GPIO_HAL_WritePinOutput
 .text.I2C_HAL_Init
                0x00000000000059be       0x1c ../../../../lib/ksdk_platform_lib/armgcc/KL03Z4/release/libksdk_platform.a(fsl_i2c_hal.c.obj)
                0x00000000000059be                I2C_HAL_Init
 *fill*         0x00000000000059da        0x2 
 .text.I2C_HAL_SetBaudRate
                0x00000000000059dc       0x8c ../../../../lib/ksdk_platform_lib/armgcc/KL03Z4/release/libksdk_platform.a(fsl_i2c_hal.c.obj)
                0x00000000000059dc                I2C_HAL_SetBaudRate
 .text.I2C_HAL_SendStart
                0x0000000000005a68       0x24 ../../../../lib/ksdk_platform_lib/armgcc/KL03Z4/release/libksdk_platform.a(fsl_i2c_hal.c.obj)
                0x0000000000005a68                I2C_HAL_SendStart
 .text.I2C_HAL_SendStop
                0x0000000000005a8c       0x42 ../../../../lib/ksdk_platform_lib/armgcc/KL03Z4/release/libksdk_platform.a(fsl_i2c_hal.c.obj)
                0x0000000000005a8c                I2C_HAL_SendStop
 .text.SPI_HAL_Init
                0x0000000000005ace        0xe ../../../../lib/ksdk_platform_lib/armgcc/KL03Z4/release/libksdk_platform.a(fsl_spi_hal.c.obj)
                0x0000000000005ace                SPI_HAL_Init
 .text.SPI_HAL_SetBaud
                0x0000000000005adc       0x6e ../../../../lib/ksdk_platform_lib/armgcc/KL03Z4/release/libksdk_platform.a(fsl_spi_hal.c.obj)
                0x0000000000005adc                SPI_HAL_SetBaud
 .text.SPI_HAL_SetSlaveSelectOutputMode
                0x0000000000005b4a       0x24 ../../../../lib/ksdk_platform_lib/armgcc/KL03Z4/release/libksdk_platform.a(fsl_spi_hal.c.obj)
                0x0000000000005b4a                SPI_HAL_SetSlaveSelectOutputMode
 .text.SPI_HAL_SetDataFormat
                0x0000000000005b6e       0x26 ../../../../lib/ksdk_platform_lib/armgcc/KL03Z4/release/libksdk_platform.a(fsl_spi_hal.c.obj)
                0x0000000000005b6e                SPI_HAL_SetDataFormat
 .text.SPI_HAL_SetPinMode
                0x0000000000005b94       0x1e ../../../../lib/ksdk_platform_lib/armgcc/KL03Z4/release/libksdk_platform.a(fsl_spi_hal.c.obj)
                0x0000000000005b94                SPI_HAL_SetPinMode
 *(.rodata)
 *fill*         0x0000000000005bb2        0x2 
 .rodata        0x0000000000005bb4        0x4 /usr/lib/gcc/arm-none-eabi/9.2.1/../../../arm-none-eabi/lib/thumb/v6-m/nofp/libc_nano.a(lib_a-impure.o)
                0x0000000000005bb4                _global_impure_ptr
 .rodata        0x0000000000005bb8       0x80 /usr/lib/gcc/arm-none-eabi/9.2.1/thumb/v6-m/nofp/libgcc.a(divsf3.o)
 .rodata        0x0000000000005c38       0x40 /usr/lib/gcc/arm-none-eabi/9.2.1/thumb/v6-m/nofp/libgcc.a(mulsf3.o)
 .rodata        0x0000000000005c78       0x40 /usr/lib/gcc/arm-none-eabi/9.2.1/thumb/v6-m/nofp/libgcc.a(muldf3.o)
 *(.rodata*)
 .rodata.setTPS82740CommonControlLines.str1.1
                0x0000000000005cb8       0x2d CMakeFiles/Warp.dir/students/ooo30/Warp-firmware/build/ksdk1.1/work/demos/Warp/src/warp-kl03-ksdk1.1-boot.c.obj
 .rodata.enableSssupply.str1.1
                0x0000000000005ce5       0x38 CMakeFiles/Warp.dir/students/ooo30/Warp-firmware/build/ksdk1.1/work/demos/Warp/src/warp-kl03-ksdk1.1-boot.c.obj
 .rodata.printAllSensors.str1.1
                0x0000000000005d1d       0x88 CMakeFiles/Warp.dir/students/ooo30/Warp-firmware/build/ksdk1.1/work/demos/Warp/src/warp-kl03-ksdk1.1-boot.c.obj
                                         0x8b (size before relaxing)
 .rodata.loopForSensor.str1.1
                0x0000000000005da5       0xab CMakeFiles/Warp.dir/students/ooo30/Warp-firmware/build/ksdk1.1/work/demos/Warp/src/warp-kl03-ksdk1.1-boot.c.obj
 .rodata.repeatRegisterReadForDeviceAndAddress.str1.1
                0x0000000000005e50      0x33e CMakeFiles/Warp.dir/students/ooo30/Warp-firmware/build/ksdk1.1/work/demos/Warp/src/warp-kl03-ksdk1.1-boot.c.obj
 .rodata.powerupAllSensors.str1.1
                0x000000000000618e       0x2c CMakeFiles/Warp.dir/students/ooo30/Warp-firmware/build/ksdk1.1/work/demos/Warp/src/warp-kl03-ksdk1.1-boot.c.obj
 .rodata.activateAllLowPowerSensorModes.str1.1
                0x00000000000061ba       0x93 CMakeFiles/Warp.dir/students/ooo30/Warp-firmware/build/ksdk1.1/work/demos/Warp/src/warp-kl03-ksdk1.1-boot.c.obj
 .rodata.main.str1.1
                0x000000000000624d     0x1070 CMakeFiles/Warp.dir/students/ooo30/Warp-firmware/build/ksdk1.1/work/demos/Warp/src/warp-kl03-ksdk1.1-boot.c.obj
 .rodata.readSensorRegisterINA219.str1.1
                0x00000000000072bd        0x2 CMakeFiles/Warp.dir/students/ooo30/Warp-firmware/build/ksdk1.1/work/demos/Warp/src/devINA219.c.obj
 .rodata.printSensorDataINA219.str1.1
                0x00000000000072bf       0x50 CMakeFiles/Warp.dir/students/ooo30/Warp-firmware/build/ksdk1.1/work/demos/Warp/src/devINA219.c.obj
 .rodata.readSensorRegisterMMA8451Q.str1.1
                0x000000000000730f        0x2 CMakeFiles/Warp.dir/students/ooo30/Warp-firmware/build/ksdk1.1/work/demos/Warp/src/devMMA8451Q.c.obj
 .rodata.printSensorDataMMA8451Q.str1.1
                0x000000000000730f       0x10 CMakeFiles/Warp.dir/students/ooo30/Warp-firmware/build/ksdk1.1/work/demos/Warp/src/devMMA8451Q.c.obj
                                         0x1c (size before relaxing)
 .rodata._DoInit.str1.1
                0x000000000000731f       0x14 CMakeFiles/Warp.dir/students/ooo30/Warp-firmware/build/ksdk1.1/work/demos/Warp/src/SEGGER_RTT.c.obj
 .rodata._aV2C.4388
                0x0000000000007333       0x10 CMakeFiles/Warp.dir/students/ooo30/Warp-firmware/build/ksdk1.1/work/demos/Warp/src/SEGGER_RTT_printf.c.obj
 .rodata.portGateTable
                0x0000000000007343        0x2 ../../../../lib/ksdk_platform_lib/armgcc/KL03Z4/release/libksdk_platform.a(fsl_clock_MKL03Z4.c.obj)
 *fill*         0x0000000000007345        0x3 
 .rodata.g_i2cBaseAddr
                0x0000000000007348        0x4 ../../../../lib/ksdk_platform_lib/armgcc/KL03Z4/release/libksdk_platform.a(fsl_i2c_common.c.obj)
                0x0000000000007348                g_i2cBaseAddr
 .rodata.g_i2cIrqId
                0x000000000000734c        0x1 ../../../../lib/ksdk_platform_lib/armgcc/KL03Z4/release/libksdk_platform.a(fsl_i2c_common.c.obj)
                0x000000000000734c                g_i2cIrqId
 .rodata.LY     0x000000000000734d        0xd ../../../../lib/ksdk_platform_lib/armgcc/KL03Z4/release/libksdk_platform.a(fsl_rtc_hal.c.obj)
 .rodata.MONTH_DAYS
                0x000000000000735a       0x1a ../../../../lib/ksdk_platform_lib/armgcc/KL03Z4/release/libksdk_platform.a(fsl_rtc_hal.c.obj)
 .rodata.ULY    0x0000000000007374        0xd ../../../../lib/ksdk_platform_lib/armgcc/KL03Z4/release/libksdk_platform.a(fsl_rtc_hal.c.obj)
 *fill*         0x0000000000007381        0x3 
 .rodata.g_rtcBaseAddr
                0x0000000000007384        0x4 ../../../../lib/ksdk_platform_lib/armgcc/KL03Z4/release/libksdk_platform.a(fsl_rtc_common.c.obj)
                0x0000000000007384                g_rtcBaseAddr
 .rodata.g_rtcIrqId
                0x0000000000007388        0x1 ../../../../lib/ksdk_platform_lib/armgcc/KL03Z4/release/libksdk_platform.a(fsl_rtc_common.c.obj)
                0x0000000000007388                g_rtcIrqId
 .rodata.g_rtcSecondsIrqId
                0x0000000000007389        0x1 ../../../../lib/ksdk_platform_lib/armgcc/KL03Z4/release/libksdk_platform.a(fsl_rtc_common.c.obj)
                0x0000000000007389                g_rtcSecondsIrqId
 *fill*         0x000000000000738a        0x2 
 .rodata.g_spiBaseAddr
                0x000000000000738c        0x4 ../../../../lib/ksdk_platform_lib/armgcc/KL03Z4/release/libksdk_platform.a(fsl_spi_common.c.obj)
                0x000000000000738c                g_spiBaseAddr
 .rodata.g_spiIrqId
                0x0000000000007390        0x1 ../../../../lib/ksdk_platform_lib/armgcc/KL03Z4/release/libksdk_platform.a(fsl_spi_common.c.obj)
                0x0000000000007390                g_spiIrqId
 *fill*         0x0000000000007391        0x3 
 .rodata.g_oscBaseAddr
                0x0000000000007394        0x4 ../../../../lib/ksdk_platform_lib/armgcc/KL03Z4/release/libksdk_platform.a(fsl_clock_manager_common.c.obj)
                0x0000000000007394                g_oscBaseAddr
 .rodata.g_gpioBaseAddr
                0x0000000000007398        0x8 ../../../../lib/ksdk_platform_lib/armgcc/KL03Z4/release/libksdk_platform.a(fsl_gpio_common.c.obj)
                0x0000000000007398                g_gpioBaseAddr
 .rodata.g_portBaseAddr
                0x00000000000073a0        0x8 ../../../../lib/ksdk_platform_lib/armgcc/KL03Z4/release/libksdk_platform.a(fsl_gpio_common.c.obj)
                0x00000000000073a0                g_portBaseAddr
 .rodata.g_portIrqId
                0x00000000000073a8        0x2 ../../../../lib/ksdk_platform_lib/armgcc/KL03Z4/release/libksdk_platform.a(fsl_gpio_common.c.obj)
                0x00000000000073a8                g_portIrqId
 .rodata.kI2CDividerTable
                0x00000000000073aa       0xc8 ../../../../lib/ksdk_platform_lib/armgcc/KL03Z4/release/libksdk_platform.a(fsl_i2c_hal.c.obj)
                0x00000000000073aa                kI2CDividerTable
 *(.glue_7)
 .glue_7        0x0000000000007472        0x0 linker stubs
 *(.glue_7t)
 .glue_7t       0x0000000000007472        0x0 linker stubs
 *(.eh_frame)
 *fill*         0x0000000000007472        0x2 
 .eh_frame      0x0000000000007474        0x0 /usr/lib/gcc/arm-none-eabi/9.2.1/thumb/v6-m/nofp/crtbegin.o
 *(.init)
 .init          0x0000000000007474        0x4 /usr/lib/gcc/arm-none-eabi/9.2.1/thumb/v6-m/nofp/crti.o
                0x0000000000007474                _init
 .init          0x0000000000007478        0x8 /usr/lib/gcc/arm-none-eabi/9.2.1/thumb/v6-m/nofp/crtn.o
 *(.fini)
 .fini          0x0000000000007480        0x4 /usr/lib/gcc/arm-none-eabi/9.2.1/thumb/v6-m/nofp/crti.o
                0x0000000000007480                _fini
 .fini          0x0000000000007484        0x8 /usr/lib/gcc/arm-none-eabi/9.2.1/thumb/v6-m/nofp/crtn.o
                0x000000000000748c                . = ALIGN (0x4)

.vfp11_veneer   0x000000000000748c        0x0
 .vfp11_veneer  0x000000000000748c        0x0 linker stubs

.v4_bx          0x000000000000748c        0x0
 .v4_bx         0x000000000000748c        0x0 linker stubs

.iplt           0x000000000000748c        0x0
 .iplt          0x000000000000748c        0x0 /usr/lib/gcc/arm-none-eabi/9.2.1/thumb/v6-m/nofp/crtbegin.o

.ARM.extab
 *(.ARM.extab* .gnu.linkonce.armextab.*)

.ARM            0x000000000000748c        0x8
                0x000000000000748c                __exidx_start = .
 *(.ARM.exidx*)
 .ARM.exidx     0x000000000000748c        0x8 /usr/lib/gcc/arm-none-eabi/9.2.1/../../../arm-none-eabi/lib/thumb/v6-m/nofp/crt0.o
                                         0x10 (size before relaxing)
                0x0000000000007494                __exidx_end = .

.rel.dyn        0x0000000000007494        0x0
 .rel.iplt      0x0000000000007494        0x0 /usr/lib/gcc/arm-none-eabi/9.2.1/thumb/v6-m/nofp/crtbegin.o

.ctors          0x0000000000007494        0x0
                0x0000000000007494                __CTOR_LIST__ = .
 *crtbegin.o(.ctors)
 *crtbegin?.o(.ctors)
 *(EXCLUDE_FILE(*crtend.o *crtend?.o) .ctors)
 *(SORT_BY_NAME(.ctors.*))
 *(.ctors)
                0x0000000000007494                __CTOR_END__ = .

.dtors          0x0000000000007494        0x0
                0x0000000000007494                __DTOR_LIST__ = .
 *crtbegin.o(.dtors)
 *crtbegin?.o(.dtors)
 *(EXCLUDE_FILE(*crtend.o *crtend?.o) .dtors)
 *(SORT_BY_NAME(.dtors.*))
 *(.dtors)
                0x0000000000007494                __DTOR_END__ = .

.preinit_array  0x0000000000007494        0x0
                0x0000000000007494                PROVIDE (__preinit_array_start = .)
 *(.preinit_array*)
                0x0000000000007494                PROVIDE (__preinit_array_end = .)

.init_array     0x0000000000007494        0x4
                0x0000000000007494                PROVIDE (__init_array_start = .)
 *(SORT_BY_NAME(.init_array.*))
 *(.init_array*)
 .init_array    0x0000000000007494        0x4 /usr/lib/gcc/arm-none-eabi/9.2.1/thumb/v6-m/nofp/crtbegin.o
                0x0000000000007498                PROVIDE (__init_array_end = .)

.fini_array     0x0000000000007498        0x4
                0x0000000000007498                PROVIDE (__fini_array_start = .)
 *(SORT_BY_NAME(.fini_array.*))
 *(.fini_array*)
 .fini_array    0x0000000000007498        0x4 /usr/lib/gcc/arm-none-eabi/9.2.1/thumb/v6-m/nofp/crtbegin.o
                0x000000000000749c                PROVIDE (__fini_array_end = .)
                0x000000000000749c                __etext = .
                0x000000000000749c                __DATA_ROM = .

.mtb            0x000000001ffffe00        0x0
                0x000000001ffffe00                . = ALIGN (0x8)
                0x000000001ffffe00                _mtb_start = .
 *(.mtb_buf)
                0x000000001ffffe00                . = ALIGN (0x8)
                0x000000001ffffe00                _mtb_end = .

.interrupts_ram
                0x000000001ffffe00        0x0
                0x000000001ffffe00                . = ALIGN (0x4)
                0x000000001ffffe00                __VECTOR_RAM__ = .
                0x000000001ffffe00                __interrupts_ram_start__ = .
 *(.m_interrupts_ram)
                0x000000001ffffe00                . = (. + M_VECTOR_RAM_SIZE)
                0x000000001ffffe00                . = ALIGN (0x4)
                0x000000001ffffe00                __interrupts_ram_end__ = .
                0x0000000000000000                __VECTOR_RAM = DEFINED (__ram_vector_table__)?__VECTOR_RAM__:ORIGIN (m_interrupts)
                0x0000000000000000                __RAM_VECTOR_TABLE_SIZE_BYTES = DEFINED (__ram_vector_table__)?(__interrupts_ram_end__ - __interrupts_ram_start__):0x0

.data           0x000000001ffffe00      0x1a8 load address 0x000000000000749c
                0x000000001ffffe00                . = ALIGN (0x4)
                0x000000001ffffe00                __DATA_RAM = .
                0x000000001ffffe00                __data_start__ = .
 *(.data)
 .data          0x000000001ffffe00       0x64 /usr/lib/gcc/arm-none-eabi/9.2.1/../../../arm-none-eabi/lib/thumb/v6-m/nofp/libc_nano.a(lib_a-impure.o)
                0x000000001ffffe00                _impure_ptr
 *(.data*)
 .data.clockCallbackTable
                0x000000001ffffe64        0x4 CMakeFiles/Warp.dir/students/ooo30/Warp-firmware/build/ksdk1.1/work/demos/Warp/src/warp-kl03-ksdk1.1-boot.c.obj
 .data.clockManagerCallbackUserlevelStructure
                0x000000001ffffe68        0xc CMakeFiles/Warp.dir/students/ooo30/Warp-firmware/build/ksdk1.1/work/demos/Warp/src/warp-kl03-ksdk1.1-boot.c.obj
                0x000000001ffffe68                clockManagerCallbackUserlevelStructure
 .data.gWarpI2cBaudRateKbps
                0x000000001ffffe74        0x4 CMakeFiles/Warp.dir/students/ooo30/Warp-firmware/build/ksdk1.1/work/demos/Warp/src/warp-kl03-ksdk1.1-boot.c.obj
                0x000000001ffffe74                gWarpI2cBaudRateKbps
 .data.gWarpI2cTimeoutMilliseconds
                0x000000001ffffe78        0x4 CMakeFiles/Warp.dir/students/ooo30/Warp-firmware/build/ksdk1.1/work/demos/Warp/src/warp-kl03-ksdk1.1-boot.c.obj
                0x000000001ffffe78                gWarpI2cTimeoutMilliseconds
 .data.gWarpMenuPrintDelayMilliseconds
                0x000000001ffffe7c        0x4 CMakeFiles/Warp.dir/students/ooo30/Warp-firmware/build/ksdk1.1/work/demos/Warp/src/warp-kl03-ksdk1.1-boot.c.obj
                0x000000001ffffe7c                gWarpMenuPrintDelayMilliseconds
 .data.gWarpMode
                0x000000001ffffe80        0x1 CMakeFiles/Warp.dir/students/ooo30/Warp-firmware/build/ksdk1.1/work/demos/Warp/src/warp-kl03-ksdk1.1-boot.c.obj
                0x000000001ffffe80                gWarpMode
 *fill*         0x000000001ffffe81        0x3 
 .data.gWarpSpiBaudRateKbps
                0x000000001ffffe84        0x4 CMakeFiles/Warp.dir/students/ooo30/Warp-firmware/build/ksdk1.1/work/demos/Warp/src/warp-kl03-ksdk1.1-boot.c.obj
                0x000000001ffffe84                gWarpSpiBaudRateKbps
 .data.gWarpSupplySettlingDelayMilliseconds
                0x000000001ffffe88        0x4 CMakeFiles/Warp.dir/students/ooo30/Warp-firmware/build/ksdk1.1/work/demos/Warp/src/warp-kl03-ksdk1.1-boot.c.obj
                0x000000001ffffe88                gWarpSupplySettlingDelayMilliseconds
 .data.gWarpUartBaudRateKbps
                0x000000001ffffe8c        0x4 CMakeFiles/Warp.dir/students/ooo30/Warp-firmware/build/ksdk1.1/work/demos/Warp/src/warp-kl03-ksdk1.1-boot.c.obj
                0x000000001ffffe8c                gWarpUartBaudRateKbps
 .data.inputPins
                0x000000001ffffe90       0x10 CMakeFiles/Warp.dir/students/ooo30/Warp-firmware/build/ksdk1.1/work/boards/Warp/gpio_pins.c.obj
                0x000000001ffffe90                inputPins
 .data.outputPins
                0x000000001ffffea0       0xf0 CMakeFiles/Warp.dir/students/ooo30/Warp-firmware/build/ksdk1.1/work/boards/Warp/gpio_pins.c.obj
                0x000000001ffffea0                outputPins
 .data.g_defaultClockConfigurations
                0x000000001fffff90       0x18 ../../../../lib/ksdk_platform_lib/armgcc/KL03Z4/release/libksdk_platform.a(fsl_clock_MKL03Z4.c.obj)
                0x000000001fffff90                g_defaultClockConfigurations
 *(.jcr*)
                0x000000001fffffa8                . = ALIGN (0x4)
                0x000000001fffffa8                __data_end__ = .
                0x0000000000007644                __DATA_END = (__DATA_ROM + (__data_end__ - __data_start__))

.tm_clone_table
                0x000000001fffffa8        0x0 load address 0x0000000000007644
 .tm_clone_table
                0x000000001fffffa8        0x0 /usr/lib/gcc/arm-none-eabi/9.2.1/thumb/v6-m/nofp/crtbegin.o
 .tm_clone_table
                0x000000001fffffa8        0x0 /usr/lib/gcc/arm-none-eabi/9.2.1/thumb/v6-m/nofp/crtend.o

.igot.plt       0x000000001fffffa8        0x0 load address 0x0000000000007644
 .igot.plt      0x000000001fffffa8        0x0 /usr/lib/gcc/arm-none-eabi/9.2.1/thumb/v6-m/nofp/crtbegin.o

.bss            0x000000001fffffa8      0x31c load address 0x0000000000007644
                0x000000001fffffa8                . = ALIGN (0x4)
                0x000000001fffffa8                __START_BSS = .
                0x000000001fffffa8                __bss_start__ = .
 *(.bss)
 .bss           0x000000001fffffa8       0x1c /usr/lib/gcc/arm-none-eabi/9.2.1/thumb/v6-m/nofp/crtbegin.o
 .bss           0x000000001fffffc4        0x8 /usr/lib/gcc/arm-none-eabi/9.2.1/../../../arm-none-eabi/lib/thumb/v6-m/nofp/libc_nano.a(lib_a-nano-mallocr.o)
                0x000000001fffffc4                __malloc_free_list
                0x000000001fffffc8                __malloc_sbrk_start
 .bss           0x000000001fffffcc       0x8c /usr/lib/gcc/arm-none-eabi/9.2.1/../../../arm-none-eabi/lib/thumb/v6-m/nofp/libc_nano.a(lib_a-__atexit.o)
 .bss           0x0000000020000058        0x4 /usr/lib/gcc/arm-none-eabi/9.2.1/../../../arm-none-eabi/lib/thumb/v6-m/nofp/libc_nano.a(lib_a-__call_atexit.o)
                0x0000000020000058                _global_atexit
 *(.bss*)
 .bss.heap_end.5296
                0x000000002000005c        0x4 CMakeFiles/Warp.dir/students/ooo30/Warp-firmware/build/ksdk1.1/work/platform/utilities/src/fsl_misc_utilities.c.obj
 .bss.deviceINA219State
                0x0000000020000060       0x10 CMakeFiles/Warp.dir/students/ooo30/Warp-firmware/build/ksdk1.1/work/demos/Warp/src/warp-kl03-ksdk1.1-boot.c.obj
                0x0000000020000060                deviceINA219State
 .bss.deviceMMA8451QState
                0x0000000020000070       0x10 CMakeFiles/Warp.dir/students/ooo30/Warp-firmware/build/ksdk1.1/work/demos/Warp/src/warp-kl03-ksdk1.1-boot.c.obj
                0x0000000020000070                deviceMMA8451QState
 .bss.gWarpSleeptimeSeconds
                0x0000000020000080        0x4 CMakeFiles/Warp.dir/students/ooo30/Warp-firmware/build/ksdk1.1/work/demos/Warp/src/warp-kl03-ksdk1.1-boot.c.obj
                0x0000000020000080                gWarpSleeptimeSeconds
 .bss.i2cMasterState
                0x0000000020000084       0x24 CMakeFiles/Warp.dir/students/ooo30/Warp-firmware/build/ksdk1.1/work/demos/Warp/src/warp-kl03-ksdk1.1-boot.c.obj
                0x0000000020000084                i2cMasterState
 .bss.spiMasterState
                0x00000000200000a8       0x30 CMakeFiles/Warp.dir/students/ooo30/Warp-firmware/build/ksdk1.1/work/demos/Warp/src/warp-kl03-ksdk1.1-boot.c.obj
                0x00000000200000a8                spiMasterState
 .bss.spiUserConfig
                0x00000000200000d8        0x8 CMakeFiles/Warp.dir/students/ooo30/Warp-firmware/build/ksdk1.1/work/demos/Warp/src/warp-kl03-ksdk1.1-boot.c.obj
                0x00000000200000d8                spiUserConfig
 .bss.inBuffer  0x00000000200000e0        0x1 CMakeFiles/Warp.dir/students/ooo30/Warp-firmware/build/ksdk1.1/work/demos/Warp/src/devSSD1331.c.obj
                0x00000000200000e0                inBuffer
 .bss.payloadBytes
                0x00000000200000e1        0x1 CMakeFiles/Warp.dir/students/ooo30/Warp-firmware/build/ksdk1.1/work/demos/Warp/src/devSSD1331.c.obj
                0x00000000200000e1                payloadBytes
 *fill*         0x00000000200000e2        0x2 
 .bss._SEGGER_RTT
                0x00000000200000e4       0x78 CMakeFiles/Warp.dir/students/ooo30/Warp-firmware/build/ksdk1.1/work/demos/Warp/src/SEGGER_RTT.c.obj
                0x00000000200000e4                _SEGGER_RTT
 .bss._acDownBuffer
                0x000000002000015c        0x4 CMakeFiles/Warp.dir/students/ooo30/Warp-firmware/build/ksdk1.1/work/demos/Warp/src/SEGGER_RTT.c.obj
 .bss._acUpBuffer
                0x0000000020000160       0xc8 CMakeFiles/Warp.dir/students/ooo30/Warp-firmware/build/ksdk1.1/work/demos/Warp/src/SEGGER_RTT.c.obj
 .bss.g_freeTaskControlBlock
                0x0000000020000228        0x4 ../../../../lib/ksdk_platform_lib/armgcc/KL03Z4/release/libksdk_platform.a(fsl_os_abstraction_bm.c.obj)
 .bss.g_taskControlBlockPool
                0x000000002000022c       0x50 ../../../../lib/ksdk_platform_lib/armgcc/KL03Z4/release/libksdk_platform.a(fsl_os_abstraction_bm.c.obj)
 .bss.g_taskListHead
                0x000000002000027c       0x10 ../../../../lib/ksdk_platform_lib/armgcc/KL03Z4/release/libksdk_platform.a(fsl_os_abstraction_bm.c.obj)
 .bss.g_clockState
                0x000000002000028c       0x10 ../../../../lib/ksdk_platform_lib/armgcc/KL03Z4/release/libksdk_platform.a(fsl_clock_manager.c.obj)
 .bss.g_interruptDisableCount
                0x000000002000029c        0x4 ../../../../lib/ksdk_platform_lib/armgcc/KL03Z4/release/libksdk_platform.a(fsl_interrupt_manager.c.obj)
                0x000000002000029c                g_interruptDisableCount
 .bss.gPowerManagerState
                0x00000000200002a0       0x10 ../../../../lib/ksdk_platform_lib/armgcc/KL03Z4/release/libksdk_platform.a(fsl_power_manager.c.obj)
 .bss.g_i2cStatePtr
                0x00000000200002b0        0x4 ../../../../lib/ksdk_platform_lib/armgcc/KL03Z4/release/libksdk_platform.a(fsl_i2c_common.c.obj)
                0x00000000200002b0                g_i2cStatePtr
 .bss.g_xtal0ClkFreq
                0x00000000200002b4        0x4 ../../../../lib/ksdk_platform_lib/armgcc/KL03Z4/release/libksdk_platform.a(fsl_mcglite_hal.c.obj)
                0x00000000200002b4                g_xtal0ClkFreq
 .bss.g_xtalRtcClkFreq
                0x00000000200002b8        0x4 ../../../../lib/ksdk_platform_lib/armgcc/KL03Z4/release/libksdk_platform.a(fsl_mcglite_hal.c.obj)
                0x00000000200002b8                g_xtalRtcClkFreq
 .bss.g_spiStatePtr
                0x00000000200002bc        0x4 ../../../../lib/ksdk_platform_lib/armgcc/KL03Z4/release/libksdk_platform.a(fsl_spi_shared_function.c.obj)
                0x00000000200002bc                g_spiStatePtr
 *(COMMON)
 COMMON         0x00000000200002c0        0x4 /usr/lib/gcc/arm-none-eabi/9.2.1/../../../arm-none-eabi/lib/thumb/v6-m/nofp/libc_nano.a(lib_a-reent.o)
                0x00000000200002c0                errno
                0x00000000200002c4                . = ALIGN (0x4)
                0x00000000200002c4                __bss_end__ = .
                0x00000000200002c4                __END_BSS = .

.heap           0x00000000200002c4        0x4 load address 0x0000000000007960
                0x00000000200002c8                . = ALIGN (0x8)
 *fill*         0x00000000200002c4        0x4 
                0x00000000200002c8                __end__ = .
                0x00000000200002c8                PROVIDE (end = .)
                0x00000000200002c8                __HeapBase = .
                0x00000000200002c8                . = (. + HEAP_SIZE)
                0x00000000200002c8                __HeapLimit = .

.stack          0x00000000200002c8      0x200 load address 0x0000000000007964
                0x00000000200002c8                . = ALIGN (0x8)
                0x00000000200004c8                . = (. + STACK_SIZE)
 *fill*         0x00000000200002c8      0x200 
                0x0000000020000600                __StackTop = (ORIGIN (m_data) + LENGTH (m_data))
                0x0000000020000400                __StackLimit = (__StackTop - STACK_SIZE)
                0x0000000020000600                PROVIDE (__stack = __StackTop)

.ARM.attributes
                0x0000000000000000       0x28
 *(.ARM.attributes)
 .ARM.attributes
                0x0000000000000000       0x1e /usr/lib/gcc/arm-none-eabi/9.2.1/thumb/v6-m/nofp/crti.o
 .ARM.attributes
                0x000000000000001e       0x2c /usr/lib/gcc/arm-none-eabi/9.2.1/thumb/v6-m/nofp/crtbegin.o
 .ARM.attributes
                0x000000000000004a       0x1b /usr/lib/gcc/arm-none-eabi/9.2.1/../../../arm-none-eabi/lib/thumb/v6-m/nofp/crt0.o
 .ARM.attributes
                0x0000000000000065       0x2c CMakeFiles/Warp.dir/students/ooo30/Warp-firmware/build/ksdk1.1/work/platform/utilities/src/fsl_misc_utilities.c.obj
 .ARM.attributes
                0x0000000000000091       0x1b CMakeFiles/Warp.dir/students/ooo30/Warp-firmware/build/ksdk1.1/work/platform/startup/MKL03Z4/gcc/startup_MKL03Z4.S.obj
 .ARM.attributes
                0x00000000000000ac       0x2c CMakeFiles/Warp.dir/students/ooo30/Warp-firmware/build/ksdk1.1/work/demos/Warp/src/warp-kl03-ksdk1.1-boot.c.obj
 .ARM.attributes
                0x00000000000000d8       0x2c CMakeFiles/Warp.dir/students/ooo30/Warp-firmware/build/ksdk1.1/work/demos/Warp/src/warp-kl03-ksdk1.1-powermodes.c.obj
 .ARM.attributes
                0x0000000000000104       0x2c CMakeFiles/Warp.dir/students/ooo30/Warp-firmware/build/ksdk1.1/work/demos/Warp/src/devSSD1331.c.obj
 .ARM.attributes
                0x0000000000000130       0x2c CMakeFiles/Warp.dir/students/ooo30/Warp-firmware/build/ksdk1.1/work/demos/Warp/src/devINA219.c.obj
 .ARM.attributes
                0x000000000000015c       0x2c CMakeFiles/Warp.dir/students/ooo30/Warp-firmware/build/ksdk1.1/work/demos/Warp/src/devMMA8451Q.c.obj
 .ARM.attributes
                0x0000000000000188       0x2c CMakeFiles/Warp.dir/students/ooo30/Warp-firmware/build/ksdk1.1/work/demos/Warp/src/SEGGER_RTT.c.obj
 .ARM.attributes
                0x00000000000001b4       0x2c CMakeFiles/Warp.dir/students/ooo30/Warp-firmware/build/ksdk1.1/work/demos/Warp/src/SEGGER_RTT_printf.c.obj
 .ARM.attributes
                0x00000000000001e0       0x2c CMakeFiles/Warp.dir/students/ooo30/Warp-firmware/build/ksdk1.1/work/platform/drivers/src/i2c/fsl_i2c_irq.c.obj
 .ARM.attributes
                0x000000000000020c       0x2c CMakeFiles/Warp.dir/students/ooo30/Warp-firmware/build/ksdk1.1/work/platform/drivers/src/spi/fsl_spi_irq.c.obj
 .ARM.attributes
                0x0000000000000238       0x2c CMakeFiles/Warp.dir/students/ooo30/Warp-firmware/build/ksdk1.1/work/platform/startup/MKL03Z4/system_MKL03Z4.c.obj
 .ARM.attributes
                0x0000000000000264       0x2c CMakeFiles/Warp.dir/students/ooo30/Warp-firmware/build/ksdk1.1/work/platform/startup/startup.c.obj
 .ARM.attributes
                0x0000000000000290       0x32 CMakeFiles/Warp.dir/students/ooo30/Warp-firmware/build/ksdk1.1/work/boards/Warp/gpio_pins.c.obj
 .ARM.attributes
                0x00000000000002c2       0x2c ../../../../lib/ksdk_platform_lib/armgcc/KL03Z4/release/libksdk_platform.a(fsl_os_abstraction_bm.c.obj)
 .ARM.attributes
                0x00000000000002ee       0x2c ../../../../lib/ksdk_platform_lib/armgcc/KL03Z4/release/libksdk_platform.a(fsl_clock_manager.c.obj)
 .ARM.attributes
                0x000000000000031a       0x2c ../../../../lib/ksdk_platform_lib/armgcc/KL03Z4/release/libksdk_platform.a(fsl_clock_MKL03Z4.c.obj)
 .ARM.attributes
                0x0000000000000346       0x2c ../../../../lib/ksdk_platform_lib/armgcc/KL03Z4/release/libksdk_platform.a(fsl_interrupt_manager.c.obj)
 .ARM.attributes
                0x0000000000000372       0x2c ../../../../lib/ksdk_platform_lib/armgcc/KL03Z4/release/libksdk_platform.a(fsl_power_manager.c.obj)
 .ARM.attributes
                0x000000000000039e       0x2c ../../../../lib/ksdk_platform_lib/armgcc/KL03Z4/release/libksdk_platform.a(fsl_gpio_driver.c.obj)
 .ARM.attributes
                0x00000000000003ca       0x2c ../../../../lib/ksdk_platform_lib/armgcc/KL03Z4/release/libksdk_platform.a(fsl_i2c_shared_function.c.obj)
 .ARM.attributes
                0x00000000000003f6       0x32 ../../../../lib/ksdk_platform_lib/armgcc/KL03Z4/release/libksdk_platform.a(fsl_i2c_common.c.obj)
 .ARM.attributes
                0x0000000000000428       0x2c ../../../../lib/ksdk_platform_lib/armgcc/KL03Z4/release/libksdk_platform.a(fsl_i2c_master_driver.c.obj)
 .ARM.attributes
                0x0000000000000454       0x2c ../../../../lib/ksdk_platform_lib/armgcc/KL03Z4/release/libksdk_platform.a(fsl_i2c_slave_driver.c.obj)
 .ARM.attributes
                0x0000000000000480       0x2c ../../../../lib/ksdk_platform_lib/armgcc/KL03Z4/release/libksdk_platform.a(fsl_mcglite_hal.c.obj)
 .ARM.attributes
                0x00000000000004ac       0x2c ../../../../lib/ksdk_platform_lib/armgcc/KL03Z4/release/libksdk_platform.a(fsl_mcglite_hal_modes.c.obj)
 .ARM.attributes
                0x00000000000004d8       0x2c ../../../../lib/ksdk_platform_lib/armgcc/KL03Z4/release/libksdk_platform.a(fsl_osc_hal.c.obj)
 .ARM.attributes
                0x0000000000000504       0x2c ../../../../lib/ksdk_platform_lib/armgcc/KL03Z4/release/libksdk_platform.a(fsl_rtc_hal.c.obj)
 .ARM.attributes
                0x0000000000000530       0x2c ../../../../lib/ksdk_platform_lib/armgcc/KL03Z4/release/libksdk_platform.a(fsl_rtc_driver.c.obj)
 .ARM.attributes
                0x000000000000055c       0x32 ../../../../lib/ksdk_platform_lib/armgcc/KL03Z4/release/libksdk_platform.a(fsl_rtc_common.c.obj)
 .ARM.attributes
                0x000000000000058e       0x2c ../../../../lib/ksdk_platform_lib/armgcc/KL03Z4/release/libksdk_platform.a(fsl_sim_hal_MKL03Z4.c.obj)
 .ARM.attributes
                0x00000000000005ba       0x2c ../../../../lib/ksdk_platform_lib/armgcc/KL03Z4/release/libksdk_platform.a(fsl_spi_shared_function.c.obj)
 .ARM.attributes
                0x00000000000005e6       0x2c ../../../../lib/ksdk_platform_lib/armgcc/KL03Z4/release/libksdk_platform.a(fsl_spi_master_driver.c.obj)
 .ARM.attributes
                0x0000000000000612       0x2c ../../../../lib/ksdk_platform_lib/armgcc/KL03Z4/release/libksdk_platform.a(fsl_spi_slave_driver.c.obj)
 .ARM.attributes
                0x000000000000063e       0x32 ../../../../lib/ksdk_platform_lib/armgcc/KL03Z4/release/libksdk_platform.a(fsl_spi_common.c.obj)
 .ARM.attributes
                0x0000000000000670       0x2c ../../../../lib/ksdk_platform_lib/armgcc/KL03Z4/release/libksdk_platform.a(fsl_smc_hal.c.obj)
 .ARM.attributes
                0x000000000000069c       0x32 ../../../../lib/ksdk_platform_lib/armgcc/KL03Z4/release/libksdk_platform.a(fsl_clock_manager_common.c.obj)
 .ARM.attributes
                0x00000000000006ce       0x2c ../../../../lib/ksdk_platform_lib/armgcc/KL03Z4/release/libksdk_platform.a(fsl_gpio_hal.c.obj)
 .ARM.attributes
                0x00000000000006fa       0x32 ../../../../lib/ksdk_platform_lib/armgcc/KL03Z4/release/libksdk_platform.a(fsl_gpio_common.c.obj)
 .ARM.attributes
                0x000000000000072c       0x2c ../../../../lib/ksdk_platform_lib/armgcc/KL03Z4/release/libksdk_platform.a(fsl_i2c_hal.c.obj)
 .ARM.attributes
                0x0000000000000758       0x2c ../../../../lib/ksdk_platform_lib/armgcc/KL03Z4/release/libksdk_platform.a(fsl_spi_hal.c.obj)
 .ARM.attributes
                0x0000000000000784       0x2c /usr/lib/gcc/arm-none-eabi/9.2.1/../../../arm-none-eabi/lib/thumb/v6-m/nofp/libc_nano.a(lib_a-atexit.o)
 .ARM.attributes
                0x00000000000007b0       0x2c /usr/lib/gcc/arm-none-eabi/9.2.1/../../../arm-none-eabi/lib/thumb/v6-m/nofp/libc_nano.a(lib_a-errno.o)
 .ARM.attributes
                0x00000000000007dc       0x2c /usr/lib/gcc/arm-none-eabi/9.2.1/../../../arm-none-eabi/lib/thumb/v6-m/nofp/libc_nano.a(lib_a-exit.o)
 .ARM.attributes
                0x0000000000000808       0x2c /usr/lib/gcc/arm-none-eabi/9.2.1/../../../arm-none-eabi/lib/thumb/v6-m/nofp/libc_nano.a(lib_a-fini.o)
 .ARM.attributes
                0x0000000000000834       0x2c /usr/lib/gcc/arm-none-eabi/9.2.1/../../../arm-none-eabi/lib/thumb/v6-m/nofp/libc_nano.a(lib_a-impure.o)
 .ARM.attributes
                0x0000000000000860       0x2c /usr/lib/gcc/arm-none-eabi/9.2.1/../../../arm-none-eabi/lib/thumb/v6-m/nofp/libc_nano.a(lib_a-init.o)
 .ARM.attributes
                0x000000000000088c       0x2c /usr/lib/gcc/arm-none-eabi/9.2.1/../../../arm-none-eabi/lib/thumb/v6-m/nofp/libc_nano.a(lib_a-malloc.o)
 .ARM.attributes
                0x00000000000008b8       0x2c /usr/lib/gcc/arm-none-eabi/9.2.1/../../../arm-none-eabi/lib/thumb/v6-m/nofp/libc_nano.a(lib_a-memcpy-stub.o)
 .ARM.attributes
                0x00000000000008e4       0x2c /usr/lib/gcc/arm-none-eabi/9.2.1/../../../arm-none-eabi/lib/thumb/v6-m/nofp/libc_nano.a(lib_a-memset.o)
 .ARM.attributes
                0x0000000000000910       0x2c /usr/lib/gcc/arm-none-eabi/9.2.1/../../../arm-none-eabi/lib/thumb/v6-m/nofp/libc_nano.a(lib_a-nano-freer.o)
 .ARM.attributes
                0x000000000000093c       0x2c /usr/lib/gcc/arm-none-eabi/9.2.1/../../../arm-none-eabi/lib/thumb/v6-m/nofp/libc_nano.a(lib_a-nano-mallocr.o)
 .ARM.attributes
                0x0000000000000968       0x2c /usr/lib/gcc/arm-none-eabi/9.2.1/../../../arm-none-eabi/lib/thumb/v6-m/nofp/libc_nano.a(lib_a-sbrkr.o)
 .ARM.attributes
                0x0000000000000994       0x2c /usr/lib/gcc/arm-none-eabi/9.2.1/../../../arm-none-eabi/lib/thumb/v6-m/nofp/libc_nano.a(lib_a-strcpy.o)
 .ARM.attributes
                0x00000000000009c0       0x2c /usr/lib/gcc/arm-none-eabi/9.2.1/../../../arm-none-eabi/lib/thumb/v6-m/nofp/libc_nano.a(lib_a-strlen-stub.o)
 .ARM.attributes
                0x00000000000009ec       0x2c /usr/lib/gcc/arm-none-eabi/9.2.1/../../../arm-none-eabi/lib/thumb/v6-m/nofp/libc_nano.a(lib_a-__atexit.o)
 .ARM.attributes
                0x0000000000000a18       0x2c /usr/lib/gcc/arm-none-eabi/9.2.1/../../../arm-none-eabi/lib/thumb/v6-m/nofp/libc_nano.a(lib_a-__call_atexit.o)
 .ARM.attributes
                0x0000000000000a44       0x2c /usr/lib/gcc/arm-none-eabi/9.2.1/../../../arm-none-eabi/lib/thumb/v6-m/nofp/libc_nano.a(lib_a-mlock.o)
 .ARM.attributes
                0x0000000000000a70       0x2c /usr/lib/gcc/arm-none-eabi/9.2.1/../../../arm-none-eabi/lib/thumb/v6-m/nofp/libc_nano.a(lib_a-reent.o)
 .ARM.attributes
                0x0000000000000a9c       0x1e /usr/lib/gcc/arm-none-eabi/9.2.1/thumb/v6-m/nofp/libgcc.a(_thumb1_case_uqi.o)
 .ARM.attributes
                0x0000000000000aba       0x1e /usr/lib/gcc/arm-none-eabi/9.2.1/thumb/v6-m/nofp/libgcc.a(_thumb1_case_shi.o)
 .ARM.attributes
                0x0000000000000ad8       0x1e /usr/lib/gcc/arm-none-eabi/9.2.1/thumb/v6-m/nofp/libgcc.a(_udivsi3.o)
 .ARM.attributes
                0x0000000000000af6       0x1e /usr/lib/gcc/arm-none-eabi/9.2.1/thumb/v6-m/nofp/libgcc.a(_divsi3.o)
 .ARM.attributes
                0x0000000000000b14       0x1e /usr/lib/gcc/arm-none-eabi/9.2.1/thumb/v6-m/nofp/libgcc.a(_dvmd_tls.o)
 .ARM.attributes
                0x0000000000000b32       0x2c /usr/lib/gcc/arm-none-eabi/9.2.1/thumb/v6-m/nofp/libgcc.a(divsf3.o)
 .ARM.attributes
                0x0000000000000b5e       0x2c /usr/lib/gcc/arm-none-eabi/9.2.1/thumb/v6-m/nofp/libgcc.a(mulsf3.o)
 .ARM.attributes
                0x0000000000000b8a       0x2c /usr/lib/gcc/arm-none-eabi/9.2.1/thumb/v6-m/nofp/libgcc.a(floatsisf.o)
 .ARM.attributes
                0x0000000000000bb6       0x2c /usr/lib/gcc/arm-none-eabi/9.2.1/thumb/v6-m/nofp/libgcc.a(muldf3.o)
 .ARM.attributes
                0x0000000000000be2       0x2c /usr/lib/gcc/arm-none-eabi/9.2.1/thumb/v6-m/nofp/libgcc.a(floatsidf.o)
 .ARM.attributes
                0x0000000000000c0e       0x2c /usr/lib/gcc/arm-none-eabi/9.2.1/thumb/v6-m/nofp/libgcc.a(extendsfdf2.o)
 .ARM.attributes
                0x0000000000000c3a       0x2c /usr/lib/gcc/arm-none-eabi/9.2.1/thumb/v6-m/nofp/libgcc.a(truncdfsf2.o)
 .ARM.attributes
                0x0000000000000c66       0x1e /usr/lib/gcc/arm-none-eabi/9.2.1/thumb/v6-m/nofp/libgcc.a(_clzsi2.o)
 .ARM.attributes
                0x0000000000000c84       0x2c /usr/lib/gcc/arm-none-eabi/9.2.1/../../../arm-none-eabi/lib/thumb/v6-m/nofp/libnosys.a(_exit.o)
 .ARM.attributes
                0x0000000000000cb0       0x2c /usr/lib/gcc/arm-none-eabi/9.2.1/thumb/v6-m/nofp/crtend.o
 .ARM.attributes
                0x0000000000000cdc       0x1e /usr/lib/gcc/arm-none-eabi/9.2.1/thumb/v6-m/nofp/crtn.o
                0x0000000000000001                ASSERT ((__StackLimit >= __HeapLimit), region m_data overflowed with stack and heap)
OUTPUT(release/Warp.elf elf32-littlearm)
LOAD linker stubs

.comment        0x0000000000000000       0xa7
 .comment       0x0000000000000000       0x59 /usr/lib/gcc/arm-none-eabi/9.2.1/thumb/v6-m/nofp/crtbegin.o
                                         0x5a (size before relaxing)
 .comment       0x0000000000000059       0x5a CMakeFiles/Warp.dir/students/ooo30/Warp-firmware/build/ksdk1.1/work/platform/utilities/src/fsl_misc_utilities.c.obj
 .comment       0x0000000000000059       0x5a CMakeFiles/Warp.dir/students/ooo30/Warp-firmware/build/ksdk1.1/work/demos/Warp/src/warp-kl03-ksdk1.1-boot.c.obj
 .comment       0x0000000000000059       0x5a CMakeFiles/Warp.dir/students/ooo30/Warp-firmware/build/ksdk1.1/work/demos/Warp/src/warp-kl03-ksdk1.1-powermodes.c.obj
 .comment       0x0000000000000059       0x5a CMakeFiles/Warp.dir/students/ooo30/Warp-firmware/build/ksdk1.1/work/demos/Warp/src/devSSD1331.c.obj
 .comment       0x0000000000000059       0x5a CMakeFiles/Warp.dir/students/ooo30/Warp-firmware/build/ksdk1.1/work/demos/Warp/src/devINA219.c.obj
 .comment       0x0000000000000059       0x5a CMakeFiles/Warp.dir/students/ooo30/Warp-firmware/build/ksdk1.1/work/demos/Warp/src/devMMA8451Q.c.obj
 .comment       0x0000000000000059       0x5a CMakeFiles/Warp.dir/students/ooo30/Warp-firmware/build/ksdk1.1/work/demos/Warp/src/SEGGER_RTT.c.obj
 .comment       0x0000000000000059       0x5a CMakeFiles/Warp.dir/students/ooo30/Warp-firmware/build/ksdk1.1/work/demos/Warp/src/SEGGER_RTT_printf.c.obj
 .comment       0x0000000000000059       0x5a CMakeFiles/Warp.dir/students/ooo30/Warp-firmware/build/ksdk1.1/work/platform/drivers/src/i2c/fsl_i2c_irq.c.obj
 .comment       0x0000000000000059       0x5a CMakeFiles/Warp.dir/students/ooo30/Warp-firmware/build/ksdk1.1/work/platform/drivers/src/spi/fsl_spi_irq.c.obj
 .comment       0x0000000000000059       0x5a CMakeFiles/Warp.dir/students/ooo30/Warp-firmware/build/ksdk1.1/work/platform/startup/MKL03Z4/system_MKL03Z4.c.obj
 .comment       0x0000000000000059       0x5a CMakeFiles/Warp.dir/students/ooo30/Warp-firmware/build/ksdk1.1/work/platform/startup/startup.c.obj
 .comment       0x0000000000000059       0x5a CMakeFiles/Warp.dir/students/ooo30/Warp-firmware/build/ksdk1.1/work/boards/Warp/gpio_pins.c.obj
 .comment       0x0000000000000059       0x5a ../../../../lib/ksdk_platform_lib/armgcc/KL03Z4/release/libksdk_platform.a(fsl_os_abstraction_bm.c.obj)
 .comment       0x0000000000000059       0x5a ../../../../lib/ksdk_platform_lib/armgcc/KL03Z4/release/libksdk_platform.a(fsl_clock_manager.c.obj)
 .comment       0x0000000000000059       0x5a ../../../../lib/ksdk_platform_lib/armgcc/KL03Z4/release/libksdk_platform.a(fsl_clock_MKL03Z4.c.obj)
 .comment       0x0000000000000059       0x5a ../../../../lib/ksdk_platform_lib/armgcc/KL03Z4/release/libksdk_platform.a(fsl_interrupt_manager.c.obj)
 .comment       0x0000000000000059       0x5a ../../../../lib/ksdk_platform_lib/armgcc/KL03Z4/release/libksdk_platform.a(fsl_power_manager.c.obj)